
optiboot.elf:     file format elf32-avr

Sections:
Idx Name          Size      VMA       LMA       File off  Algn
  0 .version      00000002  00001ffe  00001ffe  0000027c  2**0
                  CONTENTS, READONLY
  1 .text         00000208  00001c00  00001c00  00000074  2**1
                  CONTENTS, ALLOC, LOAD, READONLY, CODE
  2 .data         00000000  00800060  00001e08  0000027c  2**0
                  CONTENTS, ALLOC, LOAD, DATA
  3 .stab         00000c9c  00000000  00000000  00000280  2**2
                  CONTENTS, READONLY, DEBUGGING
  4 .stabstr      00000059  00000000  00000000  00000f1c  2**0
                  CONTENTS, READONLY, DEBUGGING

Disassembly of section .text:

00001c00 <__ctors_end>:
	.section .text
	.func optiboot
	.global optiboot

optiboot:
	cli
    1c00:	f8 94       	cli
	eor	r1, r1
    1c02:	11 24       	eor	r1, r1
  #define RAM_END_OFFSET 256	/* predefined RAMEND doesn't work */
 #else
  #define RAM_END_OFFSET 0
 #endif

	ldi	r24,hi8(RAMEND-RAM_END_OFFSET)
    1c04:	84 e0       	ldi	r24, 0x04	; 4
	AOUT	SPH, r24
    1c06:	8e bf       	out	0x3e, r24	; 62
	ldi	r24,lo8(RAMEND-RAM_END_OFFSET)
    1c08:	8f e5       	ldi	r24, 0x5F	; 95
	AOUT	SPL, r24
    1c0a:	8d bf       	out	0x3d, r24	; 61
   * still use the watchdog to reset the bootloader too.
   */

//#define marker (*(uint32_t *) (RAMEND - 16 - 3))

	AIN	r2, MCUCSR
    1c0c:	24 b6       	in	r2, 0x34	; 52
;	clr	r1
	AOUT	MCUCSR, r1	; MCUCSR = 0
    1c0e:	14 be       	out	0x34, r1	; 52
	AOUT	RESET_CAUSE, r2	; save reason of restart (MCUCSR) in IO register
    1c10:	23 bc       	out	0x23, r2	; 35
#else		/* no FORCE_WATCHDOG */
  // save the reset flags in the designated register
  //  This can be saved in a main program by putting code in .init0 (which
  //  executes before normal c init code) to save R2 to a global variable.
 #if TEST_OUTPUT == 0
	ldi	r24, (1<<WDRF)|(1<<PORF)|(1<<BORF)  ;0x0D
    1c12:	8d e0       	ldi	r24, 0x0D	; 13
	and	r24, r2		; r2 hold the reset reason , MCUCSR
    1c14:	82 21       	and	r24, r2
		; none of the WatchDog, PowerOn or BrownOut reason ?
	breq	try_loader	; interrupt must be caused by a external reset
    1c16:	29 f0       	breq	.+10     	; 0x1c22 <try_loader>

00001c18 <appStart>:
#if (defined(__AVR_ATtiny841__) || defined(__AVR_ATtiny441__) || defined(__AVR_ATtiny1634__)) && (WATCHDOG_TIME == WATCHDOG_OFF)
	ldi	r21, 0xD8	; special signature to change protected I/O register
	AOUT	CCP, r21
	AOUT	WDTCSR, r1	; clear watchdog timer
#else
	ldi	r20, WATCHDOG_TIME	; _OFF or _4S depending on FORCE_WATCHDOG
    1c18:	40 e0       	ldi	r20, 0x00	; 0
	rcall	watchdogConfig		; WATCHDOG_OFF (or _4S if FORCE_WATCHDOG)
    1c1a:	df d0       	rcall	.+446    	; 0x1dda <watchdogConfig>

#if	VIRTUAL_BOOT_PARTITION > 0
	ldi	ZL, save_vect_addr/2		; // Jump to WDT vector (jmp or rjmp table)
	eor	ZH, ZH
#else
       	eor	ZL, ZL	; // Jump to RST vector	 0x0000
    1c1c:	ee 27       	eor	r30, r30
      	eor	ZH, ZH
    1c1e:	ff 27       	eor	r31, r31
#endif
       	ijmp
    1c20:	09 94       	ijmp

00001c22 <try_loader>:

/* If the LED_DDR bit would be switched, no prepare is needed */
/* because the LED_PORT bit is set to 0 by reset */
/* But the LED Anode must be connected to the VCC side */
#if (LED_START_FLASHES != 0) || (LED_DATA_FLASH > 0)
	ASBI	LED_DDR, LEDbit			; set LED Port bit to output mode
    1c22:	bd 9a       	sbi	0x17, 5	; 23
	ldi	r20, WATCHDOG_1S	;0x0E
 #else
	ldi	r20, WATCHDOG_500MS	;
 #endif
#else
	ldi	r20, WATCHDOG_1S	;0x0E	(default value)
    1c24:	4e e0       	ldi	r20, 0x0E	; 14
#endif
	rcall	watchdogConfig
    1c26:	d9 d0       	rcall	.+434    	; 0x1dda <watchdogConfig>
#endif

#if FLASHEND > 0x1ffff
	clr	r3			; reset mode
#endif
	ldi	r18, lo8(RAMSTART)	; r18:r19 = RAMSTART
    1c28:	20 e6       	ldi	r18, 0x60	; 96
	ldi	r19, hi8(RAMSTART)	; 
    1c2a:	30 e0       	ldi	r19, 0x00	; 0

#if (LED_START_FLASHES) != 0
 ; Flash the LED is requested
 #if (LED_START_FLASHES > 1) || (LED_START_FLASHES < -1)
  ; Flash the LED is requested more than once, loop is required
	ldi	r21, LED_START_FLASHES
    1c2c:	54 e0       	ldi	r21, 0x04	; 4

00001c2e <fl_lop>:
fl_lop:
 #endif
	ASBI	LED_PORT, LEDbit	; set LED-Pin high, LED on
    1c2e:	c5 9a       	sbi	0x18, 5	; 24
	rcall	wait_T1ov
    1c30:	d8 d0       	rcall	.+432    	; 0x1de2 <wait_T1ov>
  #if Check_RX != 0		/* Check for RX Start bit is detected */
   #if BAUD_RATE < 100
	brcs	RX_was_high	; break loop, RX Start Bit detected, skip low wait
    1c32:	40 f0       	brcs	.+16     	; 0x1c44 <RX_was_high>
   #else
	brcs	fl_lop_end		; break loop if RX Start bit detected
   #endif
  #endif
	ACBI	LED_PORT, LEDbit	; set LED-Pin low, LED off
    1c34:	c5 98       	cbi	0x18, 5	; 24
	rcall	wait_T1ov
    1c36:	d5 d0       	rcall	.+426    	; 0x1de2 <wait_T1ov>
 #if (LED_START_FLASHES > 1) || (LED_START_FLASHES < -1)
  #if Check_RX != 0		/* Check for RX Start bit is detected */
   #if BAUD_RATE < 100
	brcs	RX_was_high	; break loop, RX Start Bit detected, skip low wait
    1c38:	28 f0       	brcs	.+10     	; 0x1c44 <RX_was_high>
   #endif
  #endif
  #if LED_START_FLASHES < 0
	inc	r21		; while (++count)
  #else 
	subi	r21, 1
    1c3a:	51 50       	subi	r21, 0x01	; 1
  #endif
	brne	fl_lop		; while (--count)
    1c3c:	c1 f7       	brne	.-16     	; 0x1c2e <fl_lop>

00001c3e <fl_lop_end>:

next_try:
#if ((LED_DATA_FLASH & 0x01) > 0) && defined(LED_PORT) && defined(LEDbit)
	ASBI	LED_PORT, LEDbit
#endif
	wdr				; watchdog timer reset
    1c3e:	a8 95       	wdr

00001c40 <wt_rx0low>:
wt_rx0low:
#if INVERSE_UART > 0
	ASBIC	UART_RX_PIN, UART_RX_BIT	; Look if RX is still high
#else
	ASBIS	UART_RX_PIN, UART_RX_BIT	; Look if RX is still low
    1c40:	80 9b       	sbis	0x10, 0	; 16
#endif
	rjmp	wt_rx0low			; wait for at least one 1 read
    1c42:	fe cf       	rjmp	.-4      	; 0x1c40 <wt_rx0low>

00001c44 <RX_was_high>:
 #define TIFR1 TIFR
#endif


#if SOFT_UART == 0
	ldi	r24, UART_SCALER8	; double speed mode
    1c44:	82 e0       	ldi	r24, 0x02	; 2
	AOUT	UART_CNTL, r24		; set UART scaler to 8, double speed
    1c46:	8b b9       	out	0x0b, r24	; 11
   ; prepare the UART
 #if defined(UART_SRC) && defined(UART_SEL)
	; version for m8, m16, m32 for example (with double function UCSRC)
	ldi	r23, (1<<UART_SEL)|(TWO_STOP_BITS<<USBS0)|(1<<UCSZ01)|(1<<UCSZ00)	;config UART U8N2
    1c48:	7e e8       	ldi	r23, 0x8E	; 142
	AOUT	UART_SRC, r23
    1c4a:	70 bd       	out	0x20, r23	; 32
  ; prepare the counter 1
 #if (CounterClockDiv == 8) && defined(GTCCR)
	ldi	r24, (1<<TSM)|(1<<PSRSYNC)
        AOUT    GTCCR, r24		; reset Prescaler, stop Counters
 #else
	AOUT	CNT16_CCRB, r1		; Stop counter 1 
    1c4c:	1e bc       	out	0x2e, r1	; 46
 #endif
	AOUT	CNT16_CNTH, r1		; set initial counter to 0
    1c4e:	1d bc       	out	0x2d, r1	; 45
	AOUT	CNT16_CNTL, r1
    1c50:	1c bc       	out	0x2c, r1	; 44
; wait, if the UART-RX-Bit is low
 #if (CounterClockDiv == 8) && defined(GTCCR)
        ldi	r24, START_COUNTER_COMMAND      ; start counter with /8 scaler, but is still stopped
	AOUT	CNT16_CCRB, r24		; Start counter 1 with /8 scaler for 9-Bit measure, still stopped
 #else
	ldi	r24, START_COUNTER_COMMAND	; start command for counter with /8 scaler or full speed
    1c52:	81 e0       	ldi	r24, 0x01	; 1

00001c54 <wt_rx0l>:
 #endif
wt_rx0l:
 #if INVERSE_UART > 0
	ASBIS	UART_RX_PIN, UART_RX_BIT	; Look if RX is still low, INVERSE
 #else
	ASBIC	UART_RX_PIN, UART_RX_BIT	; Look if RX is still high
    1c54:	80 99       	sbic	0x10, 0	; 16
 #endif
	rjmp	wt_rx0l
    1c56:	fe cf       	rjmp	.-4      	; 0x1c54 <wt_rx0l>

00001c58 <wt_rx1s>:
 #endif
wt_rx1s:
 #if INVERSE_UART > 0
	ASBIC	UART_RX_PIN, UART_RX_BIT	; Look if RX is still high
 #else
	ASBIS	UART_RX_PIN, UART_RX_BIT	; Look if RX is still low
    1c58:	80 9b       	sbis	0x10, 0	; 16
 #endif
	rjmp	wt_rx1s
    1c5a:	fe cf       	rjmp	.-4      	; 0x1c58 <wt_rx1s>
	; begin of first "1" data bit is found after S0000, if it was a STK_GET_SYNC, 0x30
 #if (Bits2Measure == 2) || (Bits2Measure == 4)
  #if (CounterClockDiv == 8) && defined(GTCCR)
	AOUT	GTCCR, r1		; start prescaler and counters
  #else
	AOUT	CNT16_CCRB, r24		; Start counter 1 with or without /8 scaler for 2-Bit or 4-Bit measure
    1c5c:	8e bd       	out	0x2e, r24	; 46

00001c5e <wt_rx0bs>:
	rjmp	next_try		; upper limit for 2x Baud-time is reached
 #endif
 #if INVERSE_UART > 0
	ASBIS	UART_RX_PIN, UART_RX_BIT	; Look if RX is still low
 #else
	ASBIC	UART_RX_PIN, UART_RX_BIT	; Look if RX is still high
    1c5e:	80 99       	sbic	0x10, 0	; 16
 #endif
	rjmp	wt_rx0bs
    1c60:	fe cf       	rjmp	.-4      	; 0x1c5e <wt_rx0bs>

00001c62 <wt_rx1bs>:
 ; Transmission of byte is not finished, we must wait for last two "0" Bits
wt_rx1bs:
 #if INVERSE_UART > 0
	ASBIC	UART_RX_PIN, UART_RX_BIT	; Look if RX is still high
 #else
	ASBIS	UART_RX_PIN, UART_RX_BIT	; Look if RX is still low
    1c62:	80 9b       	sbis	0x10, 0	; 16
 #endif
	rjmp	wt_rx1bs
    1c64:	fe cf       	rjmp	.-4      	; 0x1c62 <wt_rx1bs>

 #if (Bits2Measure == 4) || (Bits2Measure == 9)
	AIN	r24, CNT16_CNTL		; read counter after second '0' bit is finished, 4-Bit or 9-Bit time
    1c66:	8c b5       	in	r24, 0x2c	; 44
	AIN	r25, CNT16_CNTH
    1c68:	9d b5       	in	r25, 0x2d	; 45
;	sbiw	r24, 28		; (four_bit_time - 28) / 32, faster selection than correct round up
;    #elif defined(__AVR_ATmega162__)
;	sbiw	r24, 19		; (four_bit_time - 19) / 32, faster selection than correct round up
;   #else
;	sbiw	r24, 16		; (four_bit_time - 16) / 32, correct round up, but many errors with CH340
	sbiw	r24, 14		; (four_bit_time - 14) / 32, slower baud than correct round up, 12 Err CH340
    1c6a:	0e 97       	sbiw	r24, 0x0e	; 14
;	sbiw	r24, 12		; (four_bit_time - 14) / 32, slower baud than correct round up, 0 Err CH340, but err with FT232
;   #endif
	ldi	r28, 5		; divide by 32 is done with 5 shifts in a loop
    1c6c:	c5 e0       	ldi	r28, 0x05	; 5

00001c6e <div4lop1>:
div4lop1:
	lsr	r25
    1c6e:	96 95       	lsr	r25
	ror	r24
    1c70:	87 95       	ror	r24
	dec	r28
    1c72:	ca 95       	dec	r28
	brne	div4lop1
    1c74:	e1 f7       	brne	.-8      	; 0x1c6e <div4lop1>
	ror	r24		; rotate through carry
	lsr	r25
	ror	r24		; rotate through carry
   #endif	/* CounterClockDiv */
	; now we can start the UART
	AOUT	UART_SRRH, r25
    1c76:	90 bd       	out	0x20, r25	; 32
	AOUT	UART_SRRL, r24		; set the UART divider
    1c78:	89 b9       	out	0x09, r24	; 9

#if SOFT_UART == 0 
 #ifdef UART_ONE_WIRE
	ldi	r24, UART_ENABLE_RX
 #else
	ldi	r24, UART_ENABLE_RX|UART_ENABLE_TX
    1c7a:	88 e1       	ldi	r24, 0x18	; 24
 #endif
	AOUT	UART_SRB, r24
    1c7c:	8a b9       	out	0x0a, r24	; 10
#endif

#if TEST_OUTPUT == 1
	rjmp	test_out	; output 'U'= S10101010P for speed measuring
#else
	rjmp	ver_put		;  rcall verifySpace; rjmp put_ok
    1c7e:	7e c0       	rjmp	.+252    	; 0x1d7c <ver_put>

00001c80 <get_nextp>:

;=-=-=-=-=-=-=-=-=-=-=-=-=-=-=-=-=-=-=-=-=-=-=-=-=-=-=-=-=-
  /* Forever loop */
;=-=-=-=-=-=-=-=-=-=-=-=-=-=-=-=-=-=-=-=-=-=-=-=-=-=-=-=-=-
get_nextp:
	rcall	getch
    1c80:	8d d0       	rcall	.+282    	; 0x1d9c <getch>
;=-=-=-=-=-=-=-=-=-=-=-=-=-=-=-=-=-=-=-=-=-=-=-=-=-=-=-=-=-
	cpi	r24, STK_GET_PARAMETER		; 'A' 0x41
    1c82:	81 34       	cpi	r24, 0x41	; 65
	brne	fin_get_par
    1c84:	61 f4       	brne	.+24     	; 0x1c9e <ck_SET_DEV>
// handle get parameter instruction
	rcall	getch		; get parameter byte
    1c86:	8a d0       	rcall	.+276    	; 0x1d9c <getch>
	mov	r21, r24	; move parameter to r21
    1c88:	58 2f       	mov	r21, r24
	rcall	verifySpace	; check Sync_CRC_EOP, putch(STK_INSYNC)
    1c8a:	7d d0       	rcall	.+250    	; 0x1d86 <verifySpace>

 	ldi	r24, OPTIBOOT_MINVER	; 	
    1c8c:	83 e0       	ldi	r24, 0x03	; 3
	cpi	r21, STK_SW_MINOR	; Parm_STK_SW_MINOR (0x82)
    1c8e:	52 38       	cpi	r21, 0x82	; 130
	breq	to_putch	; rcall putch, rjmp put_ok
    1c90:	21 f0       	breq	.+8      	; 0x1c9a <to_putch>
	ldi	r24, 0x03	; answer generic 0x03
    1c92:	83 e0       	ldi	r24, 0x03	; 3
	cpi	r21, STK_SW_MAJOR	; Parm_STK_SW_MAJOR (0x81)
    1c94:	51 38       	cpi	r21, 0x81	; 129
	brne	to_putch	; rcall putch, rjmp put_ok
    1c96:	09 f4       	brne	.+2      	; 0x1c9a <to_putch>
	ldi	r24, OPTIBOOT_MAJVER+OPTIBOOT_CUSTOMVER
    1c98:	84 e7       	ldi	r24, 0x74	; 116

00001c9a <to_putch>:
to_putch:
       	rcall	putch		; answer MINVER or MAJVER+CUSTOMVER or 0x03
    1c9a:	7a d0       	rcall	.+244    	; 0x1d90 <ptch1>
	rjmp	put_ok		; putch(STK_OK); rjmp get_nextp
    1c9c:	5c c0       	rjmp	.+184    	; 0x1d56 <put_ok>

00001c9e <ck_SET_DEV>:
	rjmp	put_ok		; putch(STK_OK); rjmp get_nextp
no_read_lock:
 #endif
#endif	/* SUPPORT_READ_FUSES */
ck_SET_DEV:
	ldi	r20, 20
    1c9e:	44 e1       	ldi	r20, 0x14	; 20
;=-=-=-=-=-=-=-=-=-=-=-=-=-=-=-=-=-=-=-=-=-=-=-=-=-=-=-=-=-
	cpi	r24, STK_SET_DEVICE		; 'B'
    1ca0:	82 34       	cpi	r24, 0x42	; 66
       	breq	to_getNch	; STK set device is ignored
    1ca2:	19 f0       	breq	.+6      	; 0x1caa <to_getNch>
	ldi	r20, 5
    1ca4:	45 e0       	ldi	r20, 0x05	; 5
;=-=-=-=-=-=-=-=-=-=-=-=-=-=-=-=-=-=-=-=-=-=-=-=-=-=-=-=-=-
   	cpi	r24, STK_SET_DEVICE_EXT		; 'E'
    1ca6:	85 34       	cpi	r24, 0x45	; 69
	brne	ck_LA
    1ca8:	11 f4       	brne	.+4      	; 0x1cae <ck_LA>

00001caa <to_getNch>:
; STK set device or STK set device ext is ignored
to_getNch:
	rcall	getNch		; ignore r20 count (20 or 5) parameters
    1caa:	6a d0       	rcall	.+212    	; 0x1d80 <getNch>

00001cac <to_put_ok>:
to_put_ok:
	rjmp	put_ok		; putch(STK_OK); rjmp get_nextp
    1cac:	54 c0       	rjmp	.+168    	; 0x1d56 <put_ok>

00001cae <ck_LA>:
;=-=-=-=-=-=-=-=-=-=-=-=-=-=-=-=-=-=-=-=-=-=-=-=-=-=-=-=-=-
ck_LA:
	cpi	r24, STK_LOAD_ADDRESS		; 'U'
    1cae:	85 35       	cpi	r24, 0x55	; 85
   	brne	ck_UNI
    1cb0:	41 f4       	brne	.+16     	; 0x1cc2 <ck_UNI>
; **** STK load address
	rcall	getch		; lower address bits
    1cb2:	74 d0       	rcall	.+232    	; 0x1d9c <getch>
	mov	r4, r24
    1cb4:	48 2e       	mov	r4, r24
	rcall	getch		; upper address bits
    1cb6:	72 d0       	rcall	.+228    	; 0x1d9c <getch>
	mov	r5, r24		; r4:5 is load address
    1cb8:	58 2e       	mov	r5, r24
#if defined(EEprom_ByteAddress)
	movw	ZL, r4		; save original address in r30:r31
    1cba:	f2 01       	movw	r30, r4
#endif
	add	r4, r4		; newAddress << 1
    1cbc:	44 0c       	add	r4, r4
	adc	r5, r5		; make word address to byte address
    1cbe:	55 1c       	adc	r5, r5
	adc	r1, r1
	AOUT	RAMPZ, r1
	eor	r1, r1		; restore default zero value for r1
 #endif
#endif
	rjmp	ver_put 	; rcall verifySpace; rjmp put_ok
    1cc0:	5d c0       	rjmp	.+186    	; 0x1d7c <ver_put>

00001cc2 <ck_UNI>:
;=-=-=-=-=-=-=-=-=-=-=-=-=-=-=-=-=-=-=-=-=-=-=-=-=-=-=-=-=-
ck_UNI:
       	cpi	r24, STK_UNIVERSAL 	; 'V'
    1cc2:	86 35       	cpi	r24, 0x56	; 86
       	brne	ck_PP
    1cc4:	21 f4       	brne	.+8      	; 0x1cce <ck_PP>
	rcall	verifySpace
	ldi	r24,0
	rcall	putch
	rjmp	rjmp put_ok
#else
	ldi	r20, 4		; getNch(4)
    1cc6:	44 e0       	ldi	r20, 0x04	; 4
	rcall	getNch
    1cc8:	5b d0       	rcall	.+182    	; 0x1d80 <getNch>
 	ldi	r24, 0
    1cca:	80 e0       	ldi	r24, 0x00	; 0
	rjmp	to_putch	; rcall putch, rjmp put_ok
    1ccc:	e6 cf       	rjmp	.-52     	; 0x1c9a <to_putch>

00001cce <ck_PP>:
#endif
;=-=-=-=-=-=-=-=-=-=-=-=-=-=-=-=-=-=-=-=-=-=-=-=-=-=-=-=-=-
ck_PP:
  	cpi	r24, STK_PROG_PAGE 	; 'd'
    1cce:	84 36       	cpi	r24, 0x64	; 100
	breq	is_PROG
    1cd0:	09 f0       	breq	.+2      	; 0x1cd4 <is_PROG>
	rjmp	ck_READP
    1cd2:	2e c0       	rjmp	.+92     	; 0x1d30 <ck_READP>

00001cd4 <is_PROG>:
#if FLASHEND > 0x1ffff
	rcall	check_mode_change
#endif
    // Check for Mode change. If other mode before, clear RAMPZ
    /* Write memory, length is big endian and is in bytes */
	rcall	get_length	; r16:r17  and r26:r27 is length, r6=r24= type-'E'
    1cd4:	70 d0       	rcall	.+224    	; 0x1db6 <get_length>

    // PROGRAM PAGE - we support flash and optional EEPROM programming
; - - - - - - - - - - - - - - - - - - - - - - - - - - - - -
#if (NRWWSTART != 0) && (NO_EARLY_PAGE_ERASE == 0)
    	breq	no_pg_erase	; if (type) // no early page erase for EEprom
    1cd6:	21 f0       	breq	.+8      	; 0x1ce0 <no_pg_erase>
	ASBIS	WRPP_PIN,WRPP_BIT
	rjmp	no_pg_erase	; Hardware Write Protect emulation
 #endif
  ; if NRWWSTART is zero, no RWW section is present. Never erase the page
  ; at this early state.
	ldi	r24, hi8(NRWWSTART) ; 0x70
    1cd8:	88 e1       	ldi	r24, 0x18	; 24
	cp	r5, r24		; lo8(NRWWSTART) is allways zero
    1cda:	58 16       	cp	r5, r24
	brsh	no_pg_erase	; if (address < NRWWSTART)
    1cdc:	08 f4       	brcc	.+2      	; 0x1ce0 <no_pg_erase>
 // If we are in RWW section, immediately start page erase
	rcall	boot_page_erase
    1cde:	78 d0       	rcall	.+240    	; 0x1dd0 <boot_page_erase>

00001ce0 <no_pg_erase>:
 // While that is going on, read in page contents
#endif

no_pg_erase:
; - - - - - - - - - - - - - - - - - - - - - - - - - - - - -
	movw	YL, r18		; buf16Ptr (r28:r29) = RAMSTART
    1ce0:	e9 01       	movw	r28, r18

00001ce2 <fill_buf>:
fill_buf:
	rcall	getch		; call next data from serial
    1ce2:	5c d0       	rcall	.+184    	; 0x1d9c <getch>
	st	Y+, r24		; *bufPtr++ = getch()
    1ce4:	89 93       	st	Y+, r24
	sbiw	r26, 1		; length = length - 1
    1ce6:	11 97       	sbiw	r26, 0x01	; 1
	brne	fill_buf
    1ce8:	e1 f7       	brne	.-8      	; 0x1ce2 <fill_buf>
	movw	r26, r16	; set length back to start value
    1cea:	d8 01       	movw	r26, r16
	movw	YL, r18		; buf16Ptr (r28:r29) = RAMSTART
    1cec:	e9 01       	movw	r28, r18

	; SRAM of ATmega is filled with data
	rcall	verifySpace	; check Sync_CRC_EOP, putch(STK_INSYNC)
    1cee:	4b d0       	rcall	.+150    	; 0x1d86 <verifySpace>
  #warning "optiboot is compiled with a write protect bit at a input pin !!!"
	ASBIS	WRPP_PIN,WRPP_BIT
	rjmp	put_ok		; Hardware Write Protect emulation
 #endif
#if SUPPORT_EEPROM > 0
	cpse	r6, r1		; r6 == 0, is EEprom write
    1cf0:	61 10       	cpse	r6, r1
	rjmp	write_flash	; if (!type)
    1cf2:	09 c0       	rjmp	.+18     	; 0x1d06 <write_flash>

00001cf4 <ee_wrlop>:

; is EEprom write
; the address is allŕeady set in Z
ee_wrlop:
     	wdr		; watchdogReset();
    1cf4:	a8 95       	wdr
	ld	r24, Y+			; *bufPtr++
    1cf6:	89 91       	ld	r24, Y+
 #if VIRTUAL_BOOT_PARTITION > 0
	rcall	wr_eeprom
 #else
 /* eeprom write is done only here, therefore without a rcall to save flash */
	rcall	set_eeprom_adr	; Z+
    1cf8:	58 d0       	rcall	.+176    	; 0x1daa <set_eeprom_adr>
	AOUT	EEDR, r24	; data to EEprom controller
    1cfa:	8d bb       	out	0x1d, r24	; 29
	ASBI	EECR, EEMPE
    1cfc:	e2 9a       	sbi	0x1c, 2	; 28
	ASBI	EECR, EEPE	; /* Start eeprom write by setting EEPE */
    1cfe:	e1 9a       	sbi	0x1c, 1	; 28
 #endif 	/* VIRTUAL_BOOT_PARTITION */

	sbiw	r26, 1		; length = length - 1
    1d00:	11 97       	sbiw	r26, 0x01	; 1
	brne	ee_wrlop
    1d02:	c1 f7       	brne	.-16     	; 0x1cf4 <ee_wrlop>
	; eeprom write is finished
	rjmp	put_ok		; putch(STK_OK); rjmp get_nextp
    1d04:	28 c0       	rjmp	.+80     	; 0x1d56 <put_ok>

00001d06 <write_flash>:
; - - - - - - - - - - - - - - - - - - - - - - - - - - - - -
write_flash:
#if (NRWWSTART != 0) && (NO_EARLY_PAGE_ERASE == 0)
  ; If NRWWSTART is zero, boot_page_erase must be called every time here!
  ; if NO_EARLY_PAGE_ERASE is set, the page is never erased before data input , programming is slow!
	ldi	r24, hi8(NRWWSTART) ; 0x70
    1d06:	88 e1       	ldi	r24, 0x18	; 24
	cp	r5, r24			; hi8(NRWWSTART) lo8(NRWWSTART) is allways zero
    1d08:	58 16       	cp	r5, r24
	brlo	no_erase1
    1d0a:	08 f0       	brcs	.+2      	; 0x1d0e <no_erase1>
        // Todo: Take RAMPZ into account (not doing so just means that we will
        //  treat the top of both "pages" of flash as NRWW, for a slight speed
        //  decrease, so fixing this is not urgent.)
#endif

	rcall	boot_page_erase
    1d0c:	61 d0       	rcall	.+194    	; 0x1dd0 <boot_page_erase>

00001d0e <no_erase1>:
no_erase1:
        // If only a partial page is to be programmed, the erase might not be complete.
        // So check that here
	rcall	wait_flash_ready
    1d0e:	5c d0       	rcall	.+184    	; 0x1dc8 <wait_flash_ready>
no_patch1:
#endif		/* VIRTUAL_BOOT_PARTITION */

;     Fill the programming buffer
;     ---------------------------
	movw	ZL, r4		; addrPtr = address
    1d10:	f2 01       	movw	r30, r4

00001d12 <wr_lop1>:
#if FLASHEND > 0x1ffff
	AIN	r21, RAMPZ	; save old RAMPZ
#endif
;	buf16Ptr (r28:r29) = RAMSTART
wr_lop1:
    	ld	r0, Y+		; *buf16Ptr++
    1d12:	09 90       	ld	r0, Y+
	ld	r1, Y+
    1d14:	19 90       	ld	r1, Y+
	ldi	r20, (1<<SELFPRGEN)
    1d16:	41 e0       	ldi	r20, 0x01	; 1
	; r0:r1 is data, Z r30:r31 is address, probably RAMPZ is also set
	rcall	do_spm		; AOUT SPMCSR, r20 ; spm
    1d18:	5d d0       	rcall	.+186    	; 0x1dd4 <do_spm>
	eor	r1, r1
    1d1a:	11 24       	eor	r1, r1
	adiw	ZL, 2		; increment address
    1d1c:	32 96       	adiw	r30, 0x02	; 2
#if FLASHEND > 0x1ffff
	adc	r21, r1		; increment the RAMPZ content
#endif
	sbiw	r26, 2		; length = length - 2
    1d1e:	12 97       	sbiw	r26, 0x02	; 2
	brne	wr_lop1
    1d20:	c1 f7       	brne	.-16     	; 0x1d12 <wr_lop1>

	movw	ZL, r4		; addrPtr = address
    1d22:	f2 01       	movw	r30, r4
#if defined(__AVR_ATtiny48__) || defined(__AVR_ATtiny88__)
	andi	ZL, 0xc0	; make shure a zero Z5:1 for ATtiny48/88, 64 Byte Flash
#endif
        // Write from programming buffer
        // -----------------------------
	ldi	r20, (1<<PGWRT)|(1<<SELFPRGEN)	; 0x05	
    1d24:	45 e0       	ldi	r20, 0x05	; 5
	rcall	do_spm		; AOUT SPMCSR, r20 ; spm
    1d26:	56 d0       	rcall	.+172    	; 0x1dd4 <do_spm>
	rcall	wait_flash_ready
    1d28:	4f d0       	rcall	.+158    	; 0x1dc8 <wait_flash_ready>
#if defined(RWWSRE)
       // Reenable read access to flash
	ldi	r20, (1<<RWWSRE)|(1<<SELFPRGEN)	; 0x11	
    1d2a:	41 e1       	ldi	r20, 0x11	; 17
	rcall	do_spm		; AOUT SPMCSR, r20 ; spm
    1d2c:	53 d0       	rcall	.+166    	; 0x1dd4 <do_spm>
	rcall	wr_eeprom
        ; Now we have saved the original save_vector address to the last two EEproms.
	; The save_vector has now the original address from the reset vector and
	; the reset vector now jmp to the bootloader.
#endif
	rjmp	put_ok		; putch(STK_OK); rjmp get_nextp
    1d2e:	13 c0       	rjmp	.+38     	; 0x1d56 <put_ok>

00001d30 <ck_READP>:
;=-=-=-=-=-=-=-=-=-=-=-=-=-=-=-=-=-=-=-=-=-=-=-=-=-=-=-=-=-
ck_READP:
      	cpi	r24, STK_READ_PAGE	; 't'
    1d30:	84 37       	cpi	r24, 0x74	; 116
	brne   	ck_READS
    1d32:	a1 f4       	brne	.+40     	; 0x1d5c <ck_READS>
#if FLASHEND > 0x1ffff
	rcall	check_mode_change
#endif
    /* Read memory block mode, length is big endian.  */
	rcall	get_length	; r16:r17  and r26:r27 is length, r6=r24= type-'E'
    1d34:	40 d0       	rcall	.+128    	; 0x1db6 <get_length>
     // READ PAGE - we only read flash and optional EEPROM
	rcall	verifySpace	; check Sync_CRC_EOP, putch(STK_INSYNC)
    1d36:	27 d0       	rcall	.+78     	; 0x1d86 <verifySpace>
;	TODO: putNch()

#if SUPPORT_EEPROM > 0
	tst	r6		; check if type was 'E'
    1d38:	66 20       	and	r6, r6
	brne	flash_read
    1d3a:	39 f4       	brne	.+14     	; 0x1d4a <flash_read>

00001d3c <ee_rd_lop2>:
;     must be EEprom read
; read EEprom, the Address is allready set in Z
ee_rd_lop2:
	sbiw	r26, 1		; length-1
    1d3c:	11 97       	sbiw	r26, 0x01	; 1
	brcs	next_adr_put_ok	;
    1d3e:	50 f0       	brcs	.+20     	; 0x1d54 <next_adr_put_ok>
 #if VIRTUAL_BOOT_PARTITION > 0
	rcall	rd_eeprom	; Z+
 #else
  /* EEprom read is only required here without the VIRTUAL_BOOT_PARTITION */
  /* Therefore is is used without a rcall directly                        */
	rcall 	set_eeprom_adr	; Z+
    1d40:	34 d0       	rcall	.+104    	; 0x1daa <set_eeprom_adr>
	ASBI	EECR, EERE
    1d42:	e0 9a       	sbi	0x1c, 0	; 28
	AIN	r24, EEDR		; read data from EEprom
    1d44:	8d b3       	in	r24, 0x1d	; 29
 #endif
	rcall	putch
    1d46:	24 d0       	rcall	.+72     	; 0x1d90 <ptch1>
	rjmp	ee_rd_lop2
    1d48:	f9 cf       	rjmp	.-14     	; 0x1d3c <ee_rd_lop2>

00001d4a <flash_read>:
#endif

; - - - - - - - - - - - - - - - - - - - - - - - - - - - - -
;	read flash
flash_read:
	movw	ZL, r4		; Z = addrPtr = address
    1d4a:	f2 01       	movw	r30, r4

00001d4c <flash_rd_lop>:
          //      do putch(pgm_read_byte_near(address++));
          //      while (--length);
          // read a Flash and increment the address (may increment RAMPZ)
	elpm	r24, Z+
#else
	lpm	r24, Z+
    1d4c:	85 91       	lpm	r24, Z+
	mov	r21, r25	; save second byte
	rcall	putch
	mov	r24, r21
#endif		/* VIRTUAL_BOOT_PARTITION */

	rcall	putch
    1d4e:	20 d0       	rcall	.+64     	; 0x1d90 <ptch1>
	sbiw	r26, LenDecrement	; length - 1 or 2 bytes for VIRTUAL_BOOT_PARTITION
    1d50:	11 97       	sbiw	r26, 0x01	; 1
	brne	flash_rd_lop
    1d52:	e1 f7       	brne	.-8      	; 0x1d4c <flash_rd_lop>

00001d54 <next_adr_put_ok>:
next_adr_put_ok:
	movw	r4, ZL		; new address  ???
    1d54:	2f 01       	movw	r4, r30

00001d56 <put_ok>:
put_ok:
     	ldi	r24, STK_OK	; 0x10
    1d56:	80 e1       	ldi	r24, 0x10	; 16
       	rcall	putch
    1d58:	1b d0       	rcall	.+54     	; 0x1d90 <ptch1>

00001d5a <to_get_nextp>:
to_get_nextp:
       	rjmp	get_nextp
    1d5a:	92 cf       	rjmp	.-220    	; 0x1c80 <get_nextp>

00001d5c <ck_READS>:

;=-=-=-=-=-=-=-=-=-=-=-=-=-=-=-=-=-=-=-=-=-=-=-=-=-=-=-=-=-
ck_READS:
     	cpi	r24, STK_READ_SIGN	; 'u'
    1d5c:	85 37       	cpi	r24, 0x75	; 117
	brne	ck_EOP
    1d5e:	41 f4       	brne	.+16     	; 0x1d70 <ck_EOP>
	brne	ck_LEAVE
    1d60:	49 f4       	brne	.+18     	; 0x1d74 <ck_LEAVE>
;	READ SIGN - return what Avrdude wants to hear
	rcall	verifySpace	; check Sync_CRC_EOP, putch(STK_INSYNC)
    1d62:	11 d0       	rcall	.+34     	; 0x1d86 <verifySpace>
	ldi	r24, SIGNATURE_0
    1d64:	8e e1       	ldi	r24, 0x1E	; 30
	rcall	putch
    1d66:	14 d0       	rcall	.+40     	; 0x1d90 <ptch1>
	ldi	r24, SIGNATURE_1
    1d68:	83 e9       	ldi	r24, 0x93	; 147
	rcall	putch
    1d6a:	12 d0       	rcall	.+36     	; 0x1d90 <ptch1>
	ldi	r24, SIGNATURE_2
    1d6c:	87 e0       	ldi	r24, 0x07	; 7
	rjmp	to_putch	; rcall putch, rjmp put_ok
    1d6e:	95 cf       	rjmp	.-214    	; 0x1c9a <to_putch>

00001d70 <ck_EOP>:
;=-=-=-=-=-=-=-=-=-=-=-=-=-=-=-=-=-=-=-=-=-=-=-=-=-=-=-=-=-
ck_EOP:
			; avrdude send a STK_GET_SYNC followed by CRC_EOP
			; if the STK_GET_SYNC is loose out, the CRC_EOP is detected as last character
	cpi	r24, CRC_EOP			; ' ' 0x20
    1d70:	80 32       	cpi	r24, 0x20	; 32
	breq	to_get_nextp			; wait for next STK_GET_SYNC
    1d72:	99 f3       	breq	.-26     	; 0x1d5a <to_get_nextp>

00001d74 <ck_LEAVE>:
;=-=-=-=-=-=-=-=-=-=-=-=-=-=-=-=-=-=-=-=-=-=-=-=-=-=-=-=-=-
ck_LEAVE:
      	cpi	r24, STK_LEAVE_PROGMODE	; 'Q'
    1d74:	81 35       	cpi	r24, 0x51	; 81
	brne	ver_put
    1d76:	11 f4       	brne	.+4      	; 0x1d7c <ver_put>
;  Adaboot no wait mod
	ldi	r20, WATCHDOG_16MS	; 0x08
    1d78:	48 e0       	ldi	r20, 0x08	; 8
	rcall	watchdogConfig
    1d7a:	2f d0       	rcall	.+94     	; 0x1dda <watchdogConfig>

00001d7c <ver_put>:
ver_put:
     	rcall	verifySpace	; check Sync_CRC_EOP, putch(STK_INSYNC)
    1d7c:	04 d0       	rcall	.+8      	; 0x1d86 <verifySpace>
	rjmp	put_ok		; putch(STK_OK); rjmp get_nextp
    1d7e:	eb cf       	rjmp	.-42     	; 0x1d56 <put_ok>

00001d80 <getNch>:
;**********************************************************
; read r20 count character from serial input and look if space follow
getNch:		; call  getNch, r20 = count
	; repeat count times "call getch"
repeat_g:
     	rcall	getch		; do getch(); while (--count);
    1d80:	0d d0       	rcall	.+26     	; 0x1d9c <getch>
       	subi	r20, 1		; count - 1
    1d82:	41 50       	subi	r20, 0x01	; 1
     	brne	repeat_g
    1d84:	e9 f7       	brne	.-6      	; 0x1d80 <getNch>

00001d86 <verifySpace>:

;**********************************************************
; look if a space character can be read from serial input and answer
verifySpace:		/* void verifySpace(void) { */
; use of r24,
     	rcall	getch		; if (getch() != CRC_EOP)
    1d86:	0a d0       	rcall	.+20     	; 0x1d9c <getch>
       	cpi	r24, CRC_EOP	; 0x20
    1d88:	80 32       	cpi	r24, 0x20	; 32
       	breq	no_to
    1d8a:	09 f0       	breq	.+2      	; 0x1d8e <no_to>
     	rcall	wait_timeout		;wait_timeout();
    1d8c:	3a d0       	rcall	.+116    	; 0x1e02 <wait_timeout>

00001d8e <no_to>:
no_to:
       	ldi	r24, STK_INSYNC
    1d8e:	84 e1       	ldi	r24, 0x14	; 20

00001d90 <ptch1>:
	AOUT	UART_SRB, r25		; enable UART input
 #else
	/* For normal serial transfer we wait until the buffer UDR is free. */
	/* After loading the buffer we return immediately to caller */
ptch1:
	AIN	r25, UART_STATUS	; while (!(UART_SRA & _BV(UDRE0)));
    1d90:	9b b1       	in	r25, 0x0b	; 11
  #if UART_STATUS == LINSIR
	andi	r25, (1<<LBUSY)|(1<<LTXOK)
	cpi	r25, (1<<LBUSY)	
	breq	ptch1		; wait if LBUSY and !LTXOK
  #else
      	sbrs	r25, UDRE0
    1d92:	95 ff       	sbrs	r25, 5
      	rjmp	ptch1		; wait, UART out not ready
    1d94:	fd cf       	rjmp	.-6      	; 0x1d90 <ptch1>
  #endif
 #endif
	AOUT	UART_UDR, r24	; UART_UDR = ch;
    1d96:	8c b9       	out	0x0c, r24	; 12
 #if ((LED_DATA_FLASH & 0x02) > 0) && defined(LED_PORT) && defined(LEDbit)
	ACBI	LED_PORT, LEDbit
 #endif
	wdr		; watchdogReset(); /* prevent watch dog timeout during slow serial output */
    1d98:	a8 95       	wdr
      	ret
    1d9a:	08 95       	ret

00001d9c <getch>:
getch: 
 #if ((LED_DATA_FLASH & 0x01) > 0) && defined(LED_PORT) && defined(LEDbit)
	ASBI	LED_PORT, LEDbit
 #endif
gtch1:
	AIN	r24, UART_STATUS	; if (UART_SRA & _BV(RXC0)) {
    1d9c:	8b b1       	in	r24, 0x0b	; 11
     	sbrs	r24, RXC0
    1d9e:	87 ff       	sbrs	r24, 7
       	rjmp	gtch1			; no data received, wait
    1da0:	fd cf       	rjmp	.-6      	; 0x1d9c <getch>
#if UART_STATUS != UART_ERRSTAT
	AIN	r24, UART_ERRSTAT
#endif
      	sbrs	r24, FE0		; if (!(UART_SRA & _BV(FE0))) {
    1da2:	84 ff       	sbrs	r24, 4
     	wdr		; watchdogReset();
    1da4:	a8 95       	wdr
         * watchdog.  This should cause the bootloader to abort and run
         * the application "soon", if it keeps happening.  (Note that we
         * don't care that an invalid char is returned...)
         */

 	AIN	r24, UART_UDR	; ch = UART_UDR; return ch;
    1da6:	8c b1       	in	r24, 0x0c	; 12
 #if ((LED_DATA_FLASH & 0x01) > 0) && defined(LED_PORT) && defined(LEDbit)
	ACBI	LED_PORT, LEDbit
 #endif
       	ret
    1da8:	08 95       	ret

00001daa <set_eeprom_adr>:
;**********************************************************
#if (VIRTUAL_BOOT_PARTITION > 0) || defined(SUPPORT_EEPROM)
/* Z hold the eeprom address, which is loaded to EEAR and afterwards increased by 1 */
/* ASBIC can destroy content of register r0 */
set_eeprom_adr:
  	ASBIC	EECR, EEPE	; while (!eeprom_is_ready())
    1daa:	e1 99       	sbic	0x1c, 1	; 28
   	rjmp	set_eeprom_adr	; wait
    1dac:	fe cf       	rjmp	.-4      	; 0x1daa <set_eeprom_adr>
;	rcall	wait_flash_ready

 #ifdef EEARH
	AOUT	EEARH, ZH	; EEAR = addrPtr++
    1dae:	ff bb       	out	0x1f, r31	; 31
 #endif
	AOUT	EEARL, ZL
    1db0:	ee bb       	out	0x1e, r30	; 30
	adiw	ZL, 1
    1db2:	31 96       	adiw	r30, 0x01	; 1
	ret			; set_eeprom_adr
    1db4:	08 95       	ret

00001db6 <get_length>:
;	result is r26:r27 = r16:r17  last:first byte
;	use r22, r25 (soft)
;	additional result is r6 = r24 = type  - 'E' 
;	zero-Flag is set, if type is 'E' (with SUPPORT_EEPROM)
get_length:
	rcall	getch
    1db6:	f2 df       	rcall	.-28     	; 0x1d9c <getch>
	mov	r17, r24	; r17 = upper bits of length
    1db8:	18 2f       	mov	r17, r24
	rcall	getch
    1dba:	f0 df       	rcall	.-32     	; 0x1d9c <getch>
	mov	r16, r24	; r16 = lower bits of length
    1dbc:	08 2f       	mov	r16, r24
	movw	r26, r16	; can be changed by sbiw or adiw
    1dbe:	d8 01       	movw	r26, r16
	rcall	getch		; read in type
    1dc0:	ed df       	rcall	.-38     	; 0x1d9c <getch>
//#if SUPPORT_EEPROM > 0
	subi	r24, 'E'	; type = getch() - 'E'
    1dc2:	85 54       	subi	r24, 0x45	; 69
	mov	r6, r24
    1dc4:	68 2e       	mov	r6, r24
//#endif
	ret
    1dc6:	08 95       	ret

00001dc8 <wait_flash_ready>:

;**********************************************************
;	call wait_flash_ready wait for a idle Flash controller
;	use r0
wait_flash_ready:
       	AIN	r0, SPMCSR 
    1dc8:	07 b6       	in	r0, 0x37	; 55
	sbrc	r0, SELFPRGEN
    1dca:	00 fc       	sbrc	r0, 0
	rjmp	wait_flash_ready
    1dcc:	fd cf       	rjmp	.-6      	; 0x1dc8 <wait_flash_ready>
	ret
    1dce:	08 95       	ret

00001dd0 <boot_page_erase>:
;	r20 is used to setup the spm instruction
;	probably RAMPZ must be set before to extend the r4:r5 address
;	return is immediately, the flash controller is probably still busy
boot_page_erase:
;	rcall	wait_flash_ready
    	movw	ZL, r4		; __boot_page_erase_short((uint16_t)(void*)address)
    1dd0:	f2 01       	movw	r30, r4
   #endif
  #endif
	and	r20, r4
	brne	no_erase4	; not a fourth page
 #endif
	ldi	r20, (1<<PGERS)|(1<<SELFPRGEN)	; 0x03
    1dd2:	43 e0       	ldi	r20, 0x03	; 3

00001dd4 <do_spm>:
do_spm:
	AOUT	SPMCSR, r20	; (1<<PGERS)|(SELFPRGEN)
    1dd4:	47 bf       	out	0x37, r20	; 55
	spm
    1dd6:	e8 95       	spm

00001dd8 <no_erase4>:
;	special handling of spm for ATmega163 and ATmega323
	.word	0xffff
	nop
#endif
no_erase4:
	ret
    1dd8:	08 95       	ret

00001dda <watchdogConfig>:
watchdogConfig: 
#ifndef WDTCSR
 #define WDTCSR  WDTCR
#endif
#if defined(WDCE)
    	ldi	r21, (1<<WDCE) | (1<<WDE)	; 0x18
    1dda:	58 e1       	ldi	r21, 0x18	; 24
	AOUT	WDTCSR, r21	; (1<<WDCE) | (1<<WDE) ; watchdogConfig(x);
    1ddc:	51 bd       	out	0x21, r21	; 33
 #else
    	ldi	r21, (1<<WDE)	; 0x08
	AOUT	WDTCSR, r21	; (1<<WDE) ; watchdogConfig(x);
 #endif
#endif
       	AOUT	WDTCSR, r20		; WDTCSR = x;
    1dde:	41 bd       	out	0x21, r20	; 33
       	ret
    1de0:	08 95       	ret

00001de2 <wait_T1ov>:
; use  r24 and probably r0
; if no timer1 (16-Bit) is present, use counter 0 with additional register count
wait_T1ov:
 #ifdef TCNT1H
; use 16-Bit counter
	ldi	r24, hi8(0xffff-(F_CPU/(1024*20)))
    1de2:	8c ef       	ldi	r24, 0xFC	; 252
	AOUT	TCNT1H, r24		; set new counter value to TCNT1
    1de4:	8d bd       	out	0x2d, r24	; 45
	ldi	r24, lo8(0xffff-(F_CPU/(1024*20)))
    1de6:	82 ef       	ldi	r24, 0xF2	; 242
	AOUT	TCNT1L, r24
    1de8:	8c bd       	out	0x2c, r24	; 44
	ldi	r24, (1<<CS12)|(1<<CS10)	; internal clock, divide by 1024, mode 0
    1dea:	85 e0       	ldi	r24, 0x05	; 5
;	sts	_SFR_MEM_ADDR(TCCR1B), r24	
	AOUT	TCCR1B, r24
    1dec:	8e bd       	out	0x2e, r24	; 46

00001dee <wt_ov1>:

; wait until timer 1 OV occur (optional soft serial input can break the loop )
wt_ov1:
  #if Check_RX != 0		/* Check for RX Start bit is detected */
	; leave the wait for OV event loop, if data at the RX port are present
	sec			; set carry for break
    1dee:	08 94       	sec
	ASBIS	UART_RX_PIN, UART_RX_BIT	; Look if RX is still high
    1df0:	80 9b       	sbis	0x10, 0	; 16
       	ret			; any character present at serial rx port
    1df2:	08 95       	ret
  #endif		/* Check_RX */
	AIN	r24, TIFR1	; get Timer 1 Status bits
    1df4:	88 b7       	in	r24, 0x38	; 56
	sbrs	r24, TOV1	; Test OV bit
    1df6:	82 ff       	sbrs	r24, 2
	rjmp	wt_ov1		; no OverFlow, wait
    1df8:	fa cf       	rjmp	.-12     	; 0x1dee <wt_ov1>
	AOUT	TIFR1, r24	; clear the flags
    1dfa:	88 bf       	out	0x38, r24	; 56
	inc	r25
	brne	wt_ov0		; wait to next OV
  #endif
 #endif
 #if Check_RX != 0		/* Check for RX Start bit is detected */
	clc		; clear carry
    1dfc:	88 94       	clc
 #endif
     	wdr		; watchdogReset();  /* prevent watch dog timeout during flashing the LED */
    1dfe:	a8 95       	wdr
	ret
    1e00:	08 95       	ret

00001e02 <wait_timeout>:
#endif		/* LED_FLASHES */

;**********************************************************
;	rcall wait_timeout  set the watch dog timer to 16ms and wait for reset
wait_timeout:
     	ldi	r20, WATCHDOG_16MS
    1e02:	48 e0       	ldi	r20, 0x08	; 8
	rcall	watchdogConfig	;  watchdogConfig(WATCHDOG_16MS) 
    1e04:	ea df       	rcall	.-44     	; 0x1dda <watchdogConfig>

00001e06 <lop77>:
lop77:
    	rjmp	lop77		; endless loop, watch Dog will reset!
    1e06:	ff cf       	rjmp	.-2      	; 0x1e06 <lop77>
; 
; FORCE_WATCHDOG=
; LED_START_FLASHES=4
; LED_DATA_FLASH=
; LED=B5
; UART=0
; SOURCE_TYPE=S
; SUPPORT_EEPROM=1
; MCU_TARGET = atmega8
; AVR_FREQ= 16000000
; BAUD_RATE=36
