
optiboot.elf:     file format elf32-avr

Sections:
Idx Name          Size      VMA       LMA       File off  Algn
  0 .version      00000002  00001ffe  00001ffe  0000025e  2**0
                  CONTENTS, READONLY
  1 .text         000001ea  00001e00  00001e00  00000074  2**1
                  CONTENTS, ALLOC, LOAD, READONLY, CODE
  2 .data         00000000  00800060  00001fea  0000025e  2**0
                  CONTENTS, ALLOC, LOAD, DATA
  3 .stab         00000bdc  00000000  00000000  00000260  2**2
                  CONTENTS, READONLY, DEBUGGING
  4 .stabstr      00000048  00000000  00000000  00000e3c  2**0
                  CONTENTS, READONLY, DEBUGGING

Disassembly of section .text:

00001e00 <__ctors_end>:
    1e00:	08 c0       	rjmp	.+16     	; 0x1e12 <optiboot>

00001e02 <do_spm>:
    1e02:	fc 01       	movw	r30, r24
    1e04:	0a 01       	movw	r0, r20
    1e06:	67 bf       	out	0x37, r22	; 55
    1e08:	e8 95       	spm
    1e0a:	11 24       	eor	r1, r1
    1e0c:	de d0       	rcall	.+444    	; 0x1fca <wait_flash_ready>
    1e0e:	41 e1       	ldi	r20, 0x11	; 17
    1e10:	e2 c0       	rjmp	.+452    	; 0x1fd6 <my_do_spm>

00001e12 <optiboot>:
	.func optiboot
	.global optiboot
# generate no pre_main code, if NO_APP_SPM is greater 1
#if (NO_APP_SPM < 2)
pre_main:
	rjmp	optiboot
    1e12:	f8 94       	cli
    1e14:	11 24       	eor	r1, r1
    1e16:	84 e0       	ldi	r24, 0x04	; 4
    1e18:	8e bf       	out	0x3e, r24	; 62
    1e1a:	8f e5       	ldi	r24, 0x5F	; 95
    1e1c:	8d bf       	out	0x3d, r24	; 61
    1e1e:	24 b6       	in	r2, 0x34	; 52
    1e20:	14 be       	out	0x34, r1	; 52
    1e22:	23 bc       	out	0x23, r2	; 35
    1e24:	8d e0       	ldi	r24, 0x0D	; 13
    1e26:	82 21       	and	r24, r2
    1e28:	29 f0       	breq	.+10     	; 0x1e34 <try_loader>

00001e2a <appStart>:
    1e2a:	40 e0       	ldi	r20, 0x00	; 0
    1e2c:	d7 d0       	rcall	.+430    	; 0x1fdc <watchdogConfig>
    1e2e:	ee 27       	eor	r30, r30
    1e30:	ff 27       	eor	r31, r31
    1e32:	09 94       	ijmp

00001e34 <try_loader>:
    1e34:	bd 9a       	sbi	0x17, 5	; 23
    1e36:	c5 9a       	sbi	0x18, 5	; 24
    1e38:	4e e0       	ldi	r20, 0x0E	; 14
    1e3a:	d0 d0       	rcall	.+416    	; 0x1fdc <watchdogConfig>
    1e3c:	20 e6       	ldi	r18, 0x60	; 96
    1e3e:	30 e0       	ldi	r19, 0x00	; 0

00001e40 <next_try>:
    1e40:	a8 95       	wdr

00001e42 <wt_rx0low>:
    1e42:	80 9b       	sbis	0x10, 0	; 16
    1e44:	fe cf       	rjmp	.-4      	; 0x1e42 <wt_rx0low>

00001e46 <RX_was_high>:
    1e46:	82 e0       	ldi	r24, 0x02	; 2
    1e48:	8b b9       	out	0x0b, r24	; 11
    1e4a:	7e e8       	ldi	r23, 0x8E	; 142
    1e4c:	70 bd       	out	0x20, r23	; 32
    1e4e:	1e bc       	out	0x2e, r1	; 46
    1e50:	1d bc       	out	0x2d, r1	; 45
    1e52:	1c bc       	out	0x2c, r1	; 44
    1e54:	81 e0       	ldi	r24, 0x01	; 1

00001e56 <wt_rx0l>:
    1e56:	80 99       	sbic	0x10, 0	; 16
    1e58:	fe cf       	rjmp	.-4      	; 0x1e56 <wt_rx0l>

00001e5a <wt_rx1s>:
    1e5a:	80 9b       	sbis	0x10, 0	; 16
    1e5c:	fe cf       	rjmp	.-4      	; 0x1e5a <wt_rx1s>
    1e5e:	8e bd       	out	0x2e, r24	; 46

00001e60 <wt_rx0bs>:
    1e60:	80 99       	sbic	0x10, 0	; 16
    1e62:	fe cf       	rjmp	.-4      	; 0x1e60 <wt_rx0bs>

00001e64 <wt_rx1bs>:
    1e64:	80 9b       	sbis	0x10, 0	; 16
    1e66:	fe cf       	rjmp	.-4      	; 0x1e64 <wt_rx1bs>
    1e68:	8c b5       	in	r24, 0x2c	; 44
    1e6a:	9d b5       	in	r25, 0x2d	; 45
    1e6c:	0e 97       	sbiw	r24, 0x0e	; 14
    1e6e:	c5 e0       	ldi	r28, 0x05	; 5

00001e70 <div4lop1>:
    1e70:	96 95       	lsr	r25
    1e72:	87 95       	ror	r24
    1e74:	ca 95       	dec	r28
    1e76:	e1 f7       	brne	.-8      	; 0x1e70 <div4lop1>
    1e78:	90 bd       	out	0x20, r25	; 32
    1e7a:	89 b9       	out	0x09, r24	; 9
    1e7c:	88 e1       	ldi	r24, 0x18	; 24
    1e7e:	8a b9       	out	0x0a, r24	; 10
    1e80:	7e c0       	rjmp	.+252    	; 0x1f7e <ver_put>

00001e82 <get_nextp>:
    1e82:	8d d0       	rcall	.+282    	; 0x1f9e <getch>
    1e84:	81 34       	cpi	r24, 0x41	; 65
    1e86:	61 f4       	brne	.+24     	; 0x1ea0 <ck_SET_DEV>
    1e88:	8a d0       	rcall	.+276    	; 0x1f9e <getch>
    1e8a:	58 2f       	mov	r21, r24
    1e8c:	7d d0       	rcall	.+250    	; 0x1f88 <verifySpace>
    1e8e:	83 e0       	ldi	r24, 0x03	; 3
    1e90:	52 38       	cpi	r21, 0x82	; 130
    1e92:	21 f0       	breq	.+8      	; 0x1e9c <to_putch>
    1e94:	83 e0       	ldi	r24, 0x03	; 3
    1e96:	51 38       	cpi	r21, 0x81	; 129
    1e98:	09 f4       	brne	.+2      	; 0x1e9c <to_putch>
    1e9a:	84 e7       	ldi	r24, 0x74	; 116

00001e9c <to_putch>:
    1e9c:	7a d0       	rcall	.+244    	; 0x1f92 <ptch1>
    1e9e:	5c c0       	rjmp	.+184    	; 0x1f58 <put_ok>

00001ea0 <ck_SET_DEV>:
    1ea0:	44 e1       	ldi	r20, 0x14	; 20
    1ea2:	82 34       	cpi	r24, 0x42	; 66
    1ea4:	19 f0       	breq	.+6      	; 0x1eac <to_getNch>
    1ea6:	45 e0       	ldi	r20, 0x05	; 5
    1ea8:	85 34       	cpi	r24, 0x45	; 69
    1eaa:	11 f4       	brne	.+4      	; 0x1eb0 <ck_LA>

00001eac <to_getNch>:
    1eac:	6a d0       	rcall	.+212    	; 0x1f82 <getNch>

00001eae <to_put_ok>:
    1eae:	54 c0       	rjmp	.+168    	; 0x1f58 <put_ok>

00001eb0 <ck_LA>:
    1eb0:	85 35       	cpi	r24, 0x55	; 85
    1eb2:	41 f4       	brne	.+16     	; 0x1ec4 <ck_UNI>
    1eb4:	74 d0       	rcall	.+232    	; 0x1f9e <getch>
    1eb6:	48 2e       	mov	r4, r24
    1eb8:	72 d0       	rcall	.+228    	; 0x1f9e <getch>
    1eba:	58 2e       	mov	r5, r24
    1ebc:	f2 01       	movw	r30, r4
    1ebe:	44 0c       	add	r4, r4
    1ec0:	55 1c       	adc	r5, r5
    1ec2:	5d c0       	rjmp	.+186    	; 0x1f7e <ver_put>

00001ec4 <ck_UNI>:
    1ec4:	86 35       	cpi	r24, 0x56	; 86
    1ec6:	21 f4       	brne	.+8      	; 0x1ed0 <ck_PP>
    1ec8:	44 e0       	ldi	r20, 0x04	; 4
    1eca:	5b d0       	rcall	.+182    	; 0x1f82 <getNch>
    1ecc:	80 e0       	ldi	r24, 0x00	; 0
    1ece:	e6 cf       	rjmp	.-52     	; 0x1e9c <to_putch>

00001ed0 <ck_PP>:
    1ed0:	84 36       	cpi	r24, 0x64	; 100
    1ed2:	09 f0       	breq	.+2      	; 0x1ed6 <is_PROG>
    1ed4:	2e c0       	rjmp	.+92     	; 0x1f32 <ck_READP>

00001ed6 <is_PROG>:
    1ed6:	70 d0       	rcall	.+224    	; 0x1fb8 <get_length>
    1ed8:	21 f0       	breq	.+8      	; 0x1ee2 <no_pg_erase>
    1eda:	88 e1       	ldi	r24, 0x18	; 24
    1edc:	58 16       	cp	r5, r24
    1ede:	08 f4       	brcc	.+2      	; 0x1ee2 <no_pg_erase>
    1ee0:	78 d0       	rcall	.+240    	; 0x1fd2 <boot_page_erase>

00001ee2 <no_pg_erase>:
    1ee2:	e9 01       	movw	r28, r18

00001ee4 <fill_buf>:
    1ee4:	5c d0       	rcall	.+184    	; 0x1f9e <getch>
    1ee6:	89 93       	st	Y+, r24
    1ee8:	11 97       	sbiw	r26, 0x01	; 1
    1eea:	e1 f7       	brne	.-8      	; 0x1ee4 <fill_buf>
    1eec:	d8 01       	movw	r26, r16
    1eee:	e9 01       	movw	r28, r18
    1ef0:	4b d0       	rcall	.+150    	; 0x1f88 <verifySpace>
    1ef2:	61 10       	cpse	r6, r1
    1ef4:	09 c0       	rjmp	.+18     	; 0x1f08 <write_flash>

00001ef6 <ee_wrlop>:
    1ef6:	a8 95       	wdr
    1ef8:	89 91       	ld	r24, Y+
    1efa:	58 d0       	rcall	.+176    	; 0x1fac <set_eeprom_adr>
    1efc:	8d bb       	out	0x1d, r24	; 29
    1efe:	e2 9a       	sbi	0x1c, 2	; 28
    1f00:	e1 9a       	sbi	0x1c, 1	; 28
    1f02:	11 97       	sbiw	r26, 0x01	; 1
    1f04:	c1 f7       	brne	.-16     	; 0x1ef6 <ee_wrlop>
    1f06:	28 c0       	rjmp	.+80     	; 0x1f58 <put_ok>

00001f08 <write_flash>:
    1f08:	88 e1       	ldi	r24, 0x18	; 24
    1f0a:	58 16       	cp	r5, r24
    1f0c:	08 f0       	brcs	.+2      	; 0x1f10 <no_erase1>
    1f0e:	61 d0       	rcall	.+194    	; 0x1fd2 <boot_page_erase>

00001f10 <no_erase1>:
    1f10:	5c d0       	rcall	.+184    	; 0x1fca <wait_flash_ready>
    1f12:	f2 01       	movw	r30, r4

00001f14 <wr_lop1>:
    1f14:	09 90       	ld	r0, Y+
    1f16:	19 90       	ld	r1, Y+
    1f18:	41 e0       	ldi	r20, 0x01	; 1
    1f1a:	5d d0       	rcall	.+186    	; 0x1fd6 <my_do_spm>
    1f1c:	11 24       	eor	r1, r1
    1f1e:	32 96       	adiw	r30, 0x02	; 2
    1f20:	12 97       	sbiw	r26, 0x02	; 2
    1f22:	c1 f7       	brne	.-16     	; 0x1f14 <wr_lop1>
    1f24:	f2 01       	movw	r30, r4
    1f26:	45 e0       	ldi	r20, 0x05	; 5
    1f28:	56 d0       	rcall	.+172    	; 0x1fd6 <my_do_spm>
    1f2a:	4f d0       	rcall	.+158    	; 0x1fca <wait_flash_ready>
    1f2c:	41 e1       	ldi	r20, 0x11	; 17
    1f2e:	53 d0       	rcall	.+166    	; 0x1fd6 <my_do_spm>
    1f30:	13 c0       	rjmp	.+38     	; 0x1f58 <put_ok>

00001f32 <ck_READP>:
    1f32:	84 37       	cpi	r24, 0x74	; 116
    1f34:	a1 f4       	brne	.+40     	; 0x1f5e <ck_READS>
    1f36:	40 d0       	rcall	.+128    	; 0x1fb8 <get_length>
    1f38:	27 d0       	rcall	.+78     	; 0x1f88 <verifySpace>
    1f3a:	66 20       	and	r6, r6
    1f3c:	39 f4       	brne	.+14     	; 0x1f4c <flash_read>

00001f3e <ee_rd_lop2>:
    1f3e:	11 97       	sbiw	r26, 0x01	; 1
    1f40:	50 f0       	brcs	.+20     	; 0x1f56 <next_adr_put_ok>
    1f42:	34 d0       	rcall	.+104    	; 0x1fac <set_eeprom_adr>
    1f44:	e0 9a       	sbi	0x1c, 0	; 28
    1f46:	8d b3       	in	r24, 0x1d	; 29
    1f48:	24 d0       	rcall	.+72     	; 0x1f92 <ptch1>
    1f4a:	f9 cf       	rjmp	.-14     	; 0x1f3e <ee_rd_lop2>

00001f4c <flash_read>:
    1f4c:	f2 01       	movw	r30, r4

00001f4e <flash_rd_lop>:
    1f4e:	85 91       	lpm	r24, Z+
    1f50:	20 d0       	rcall	.+64     	; 0x1f92 <ptch1>
    1f52:	11 97       	sbiw	r26, 0x01	; 1
    1f54:	e1 f7       	brne	.-8      	; 0x1f4e <flash_rd_lop>

00001f56 <next_adr_put_ok>:
    1f56:	2f 01       	movw	r4, r30

00001f58 <put_ok>:
    1f58:	80 e1       	ldi	r24, 0x10	; 16
    1f5a:	1b d0       	rcall	.+54     	; 0x1f92 <ptch1>

00001f5c <to_get_nextp>:
    1f5c:	92 cf       	rjmp	.-220    	; 0x1e82 <get_nextp>

00001f5e <ck_READS>:
    1f5e:	85 37       	cpi	r24, 0x75	; 117
    1f60:	41 f4       	brne	.+16     	; 0x1f72 <ck_EOP>
    1f62:	49 f4       	brne	.+18     	; 0x1f76 <ck_LEAVE>
    1f64:	11 d0       	rcall	.+34     	; 0x1f88 <verifySpace>
    1f66:	8e e1       	ldi	r24, 0x1E	; 30
    1f68:	14 d0       	rcall	.+40     	; 0x1f92 <ptch1>
    1f6a:	83 e9       	ldi	r24, 0x93	; 147
    1f6c:	12 d0       	rcall	.+36     	; 0x1f92 <ptch1>
    1f6e:	87 e0       	ldi	r24, 0x07	; 7
    1f70:	95 cf       	rjmp	.-214    	; 0x1e9c <to_putch>

00001f72 <ck_EOP>:
    1f72:	80 32       	cpi	r24, 0x20	; 32
    1f74:	99 f3       	breq	.-26     	; 0x1f5c <to_get_nextp>

00001f76 <ck_LEAVE>:
    1f76:	81 35       	cpi	r24, 0x51	; 81
    1f78:	11 f4       	brne	.+4      	; 0x1f7e <ver_put>
    1f7a:	48 e0       	ldi	r20, 0x08	; 8
    1f7c:	2f d0       	rcall	.+94     	; 0x1fdc <watchdogConfig>

00001f7e <ver_put>:
    1f7e:	04 d0       	rcall	.+8      	; 0x1f88 <verifySpace>
    1f80:	eb cf       	rjmp	.-42     	; 0x1f58 <put_ok>

00001f82 <getNch>:
    1f82:	0d d0       	rcall	.+26     	; 0x1f9e <getch>
    1f84:	41 50       	subi	r20, 0x01	; 1
    1f86:	e9 f7       	brne	.-6      	; 0x1f82 <getNch>

00001f88 <verifySpace>:
    1f88:	0a d0       	rcall	.+20     	; 0x1f9e <getch>
    1f8a:	80 32       	cpi	r24, 0x20	; 32
    1f8c:	09 f0       	breq	.+2      	; 0x1f90 <no_to>
    1f8e:	2a d0       	rcall	.+84     	; 0x1fe4 <wait_timeout>

00001f90 <no_to>:
    1f90:	84 e1       	ldi	r24, 0x14	; 20

00001f92 <ptch1>:
    1f92:	9b b1       	in	r25, 0x0b	; 11
    1f94:	95 ff       	sbrs	r25, 5
    1f96:	fd cf       	rjmp	.-6      	; 0x1f92 <ptch1>
    1f98:	8c b9       	out	0x0c, r24	; 12
    1f9a:	a8 95       	wdr
    1f9c:	08 95       	ret

00001f9e <getch>:
    1f9e:	8b b1       	in	r24, 0x0b	; 11
    1fa0:	87 ff       	sbrs	r24, 7
    1fa2:	fd cf       	rjmp	.-6      	; 0x1f9e <getch>
    1fa4:	84 ff       	sbrs	r24, 4
    1fa6:	a8 95       	wdr
    1fa8:	8c b1       	in	r24, 0x0c	; 12
    1faa:	08 95       	ret

00001fac <set_eeprom_adr>:
    1fac:	e1 99       	sbic	0x1c, 1	; 28
    1fae:	fe cf       	rjmp	.-4      	; 0x1fac <set_eeprom_adr>
    1fb0:	ff bb       	out	0x1f, r31	; 31
    1fb2:	ee bb       	out	0x1e, r30	; 30
    1fb4:	31 96       	adiw	r30, 0x01	; 1
    1fb6:	08 95       	ret

00001fb8 <get_length>:
    1fb8:	f2 df       	rcall	.-28     	; 0x1f9e <getch>
    1fba:	18 2f       	mov	r17, r24
    1fbc:	f0 df       	rcall	.-32     	; 0x1f9e <getch>
    1fbe:	08 2f       	mov	r16, r24
    1fc0:	d8 01       	movw	r26, r16
    1fc2:	ed df       	rcall	.-38     	; 0x1f9e <getch>
    1fc4:	85 54       	subi	r24, 0x45	; 69
    1fc6:	68 2e       	mov	r6, r24
    1fc8:	08 95       	ret

00001fca <wait_flash_ready>:
    1fca:	07 b6       	in	r0, 0x37	; 55
    1fcc:	00 fc       	sbrc	r0, 0
    1fce:	fd cf       	rjmp	.-6      	; 0x1fca <wait_flash_ready>
    1fd0:	08 95       	ret

00001fd2 <boot_page_erase>:
    1fd2:	f2 01       	movw	r30, r4
    1fd4:	43 e0       	ldi	r20, 0x03	; 3

00001fd6 <my_do_spm>:
    1fd6:	47 bf       	out	0x37, r20	; 55
    1fd8:	e8 95       	spm

00001fda <no_erase4>:
    1fda:	08 95       	ret

00001fdc <watchdogConfig>:
    1fdc:	58 e1       	ldi	r21, 0x18	; 24
    1fde:	51 bd       	out	0x21, r21	; 33
    1fe0:	41 bd       	out	0x21, r20	; 33
    1fe2:	08 95       	ret

00001fe4 <wait_timeout>:
    1fe4:	48 e0       	ldi	r20, 0x08	; 8
    1fe6:	fa df       	rcall	.-12     	; 0x1fdc <watchdogConfig>

00001fe8 <lop77>:
    1fe8:	ff cf       	rjmp	.-2      	; 0x1fe8 <lop77>
; 
; FORCE_WATCHDOG=
; LED_START_FLASHES=0
; LED_DATA_FLASH=4
; LED=B5
; UART=0
; SOURCE_TYPE=S
; SUPPORT_EEPROM=1
; MCU_TARGET = atmega8
; AVR_FREQ= 16000000
; BAUD_RATE=36
