
optiboot_atmega8.elf:     file format elf32-avr

Sections:
Idx Name          Size      VMA       LMA       File off  Algn
  0 .version      00000002  00001ffe  00001ffe  0000024c  2**0
                  CONTENTS, READONLY
  1 .text         000001d8  00001e00  00001e00  00000074  2**1
                  CONTENTS, ALLOC, LOAD, READONLY, CODE
  2 .data         00000000  00800060  00001fd8  0000024c  2**0
                  CONTENTS, ALLOC, LOAD, DATA
  3 .stab         00000b7c  00000000  00000000  00000250  2**2
                  CONTENTS, READONLY, DEBUGGING
  4 .stabstr      00000058  00000000  00000000  00000dcc  2**0
                  CONTENTS, READONLY, DEBUGGING

Disassembly of section .text:

00001e00 <__ctors_end>:
  #endif
 #endif
#endif

optiboot:
	cli
    1e00:	f8 94       	cli
	eor	r1, r1
    1e02:	11 24       	eor	r1, r1
  #define RAM_END_OFFSET 256	/* predefined RAMEND doesn't work */
 #else
  #define RAM_END_OFFSET 0
 #endif

	ldi	r24,hi8(RAMEND-RAM_END_OFFSET)
    1e04:	84 e0       	ldi	r24, 0x04	; 4
	AOUT	SPH, r24
    1e06:	8e bf       	out	0x3e, r24	; 62
	ldi	r24,lo8(RAMEND-RAM_END_OFFSET)
    1e08:	8f e5       	ldi	r24, 0x5F	; 95
	AOUT	SPL, r24
    1e0a:	8d bf       	out	0x3d, r24	; 61
   * still use the watchdog to reset the bootloader too.
   */

//#define marker (*(uint32_t *) (RAMEND - 16 - 3))

	AIN	r2, MCUCSR
    1e0c:	24 b6       	in	r2, 0x34	; 52
	AOUT	MCUCSR, r1	; MCUCSR = 0
    1e0e:	14 be       	out	0x34, r1	; 52
	AOUT	RESET_CAUSE, r2	; save reason of restart (MCUCSR) in IO register
    1e10:	23 bc       	out	0x23, r2	; 35
#else		/* no FORCE_WATCHDOG */
  // save the reset flags in the designated register
  //  This can be saved in a main program by putting code in .init0 (which
  //  executes before normal c init code) to save R2 to a global variable.
 #if TEST_OUTPUT == 0
	ldi	r24, (1<<WDRF)|(1<<PORF)|(1<<BORF)  ;0x0D
    1e12:	8d e0       	ldi	r24, 0x0D	; 13
	and	r24, r2		; r2 hold the reset reason , MCUCSR
    1e14:	82 21       	and	r24, r2
		; none of the WatchDog, PowerOn or BrownOut reason ?
	breq	try_loader	; interrupt must be caused by a external reset
    1e16:	21 f0       	breq	.+8      	; 0x1e20 <try_loader>

00001e18 <appStart>:
#if (defined(__AVR_ATtiny841__) || defined(__AVR_ATtiny441__) || defined(__AVR_ATtiny1634__)) && (WATCHDOG_TIME == WATCHDOG_OFF)
	ldi	r21, 0xD8	; special signature to change protected I/O register
	AOUT	CCP, r21
	AOUT	WDTCSR, r1	; clear watchdog timer
#else
	ldi	r20, WATCHDOG_TIME	; _OFF or _4S depending on FORCE_WATCHDOG
    1e18:	40 e0       	ldi	r20, 0x00	; 0
	rcall	watchdogConfig		; WATCHDOG_OFF (or _4S if FORCE_WATCHDOG)
    1e1a:	c7 d0       	rcall	.+398    	; 0x1faa <watchdogConfig>
	ldi	ZL,lo8(1000)
	AOUT	GPIOR1, ZH
	AOUT	ICR1L, ZH
;##############################################################
#endif
	AIN	r2, RESET_CAUSE			; R2  is compatible  to older optiboot version
    1e1c:	23 b4       	in	r2, 0x23	; 35
	; application program should look to the RESET_CAUSE register directly instead

#if	VIRTUAL_BOOT_PARTITION > 0
	rjmp	optiboot_version+2+save_vect_addr ; is a "JMP save_vect_addr"
#else
	rjmp	optiboot_version+2		; is a JMP 0
    1e1e:	f0 c0       	rjmp	.+480    	; 0x2000 <__TEXT_REGION_LENGTH__>

00001e20 <try_loader>:

/* If the LED_DDR bit would be switched, no prepare is needed */
/* because the LED_PORT bit is set to 0 by reset */
/* But the LED Anode must be connected to the VCC side */
#if (LED_START_FLASHES != 0) || (LED_DATA_FLASH > 0)
	ASBI	LED_DDR, LEDbit			; set LED Port bit to output mode
    1e20:	bd 9a       	sbi	0x17, 5	; 23
	ldi	r20, WATCHDOG_1S	;0x0E
 #else
	ldi	r20, WATCHDOG_500MS	;
 #endif
#else
	ldi	r20, WATCHDOG_1S	;0x0E	(default value)
    1e22:	4e e0       	ldi	r20, 0x0E	; 14
#endif
	rcall	watchdogConfig
    1e24:	c2 d0       	rcall	.+388    	; 0x1faa <watchdogConfig>
	ASBIS	PLLCSR, PLOCK		; wait until PLL is locked
	rjmp	wait_locked
no_pll:
#endif

	ldi	r18, lo8(RAMSTART)	; r18:r19 = RAMSTART
    1e26:	20 e6       	ldi	r18, 0x60	; 96
	ldi	r19, hi8(RAMSTART)	; 
    1e28:	30 e0       	ldi	r19, 0x00	; 0
 #if NO_EARLY_PAGE_ERASE < 2
  /* do not use PullUp for RX to save Flash */
  #ifdef UART_RX_PUE 
	ASBI	UART_RX_PUE,UART_RX_BIT	; set PullUp for RX
  #else
	ASBI	UART_RX_PORT,UART_RX_BIT	; set PullUp for RX
    1e2a:	90 9a       	sbi	0x12, 0	; 18
   #undef UART_MODE_2x
	ldi	r24, UART_SCALER16	; single speed mode (0<<U2X)
  #else
   #define BAUD_ACTUAL (F_CPU/(8 * ((BAUD_DIV)+1)))
   #define UART_MODE_2x
	ldi	r24, UART_SCALER8	; double speed mode (1<<U2X)
    1e2c:	82 e0       	ldi	r24, 0x02	; 2
  #endif		/* BAUD_DIV > 255 */
	AOUT	UART_CNTL, r24		; set scaler to 8 or 16
    1e2e:	8b b9       	out	0x0b, r24	; 11
    #error "Unachievable baud rate (too fast) BAUD_RATE"
  #endif // baud rate fastn check
  #include "report_baud_div.h"
  #if defined(UART_SRC) && defined(UART_SEL)
	; version for m8, m16, m32 for example (with double function UCSRC)
	ldi	r25, (1<<UART_SEL)|(TWO_STOP_BITS<<USBS0)|(1<<UCSZ01)|(1<<UCSZ00)	; config UART
    1e30:	9e e8       	ldi	r25, 0x8E	; 142
	AOUT	UART_SRC, r25
    1e32:	90 bd       	out	0x20, r25	; 32
  	; This processor family has no double register for the 12-bit scaler
	ldi	r25, lo8(BAUD_DIV)	; 0x10
    1e34:	90 e1       	ldi	r25, 0x10	; 16
	AOUT	UART_SRRL, r25
    1e36:	99 b9       	out	0x09, r25	; 9
	AOUT	UART_SRRL, r25
  #endif	/* defined(UCSRC) && defined(URSEL) */
  #ifdef UART_ONE_WIRE
	ldi	r24, UART_ENABLE_RX
  #else
	ldi	r24, (UART_ENABLE_RX|UART_ENABLE_TX)
    1e38:	88 e1       	ldi	r24, 0x18	; 24
  #endif
	AOUT	UART_SRB, r24
    1e3a:	8a b9       	out	0x0a, r24	; 10

#if (LED_START_FLASHES) != 0
 ; Flash the LED is requested
 #if (LED_START_FLASHES > 1) || (LED_START_FLASHES < -1)
  ; Flash the LED is requested more than once, loop is required
	ldi	r21, LED_START_FLASHES
    1e3c:	53 e0       	ldi	r21, 0x03	; 3

00001e3e <fl_lop>:
fl_lop:
 #endif
	ASBI	LED_PORT, LEDbit	; set LED-Pin high, LED on
    1e3e:	c5 9a       	sbi	0x18, 5	; 24
	rcall	wait_T1ov
    1e40:	b8 d0       	rcall	.+368    	; 0x1fb2 <wait_T1ov>
  #if Check_RX != 0		/* Check for RX Start bit is detected */
   #if BAUD_RATE < 100
	brcs	RX_was_high	; break loop, RX Start Bit detected, skip low wait
   #else
	brcs	fl_lop_end		; break loop if RX Start bit detected
    1e42:	28 f0       	brcs	.+10     	; 0x1e4e <fl_lop_end>
   #endif
  #endif
	ACBI	LED_PORT, LEDbit	; set LED-Pin low, LED off
    1e44:	c5 98       	cbi	0x18, 5	; 24
	rcall	wait_T1ov
    1e46:	b5 d0       	rcall	.+362    	; 0x1fb2 <wait_T1ov>
 #if (LED_START_FLASHES > 1) || (LED_START_FLASHES < -1)
  #if Check_RX != 0		/* Check for RX Start bit is detected */
   #if BAUD_RATE < 100
	brcs	RX_was_high	; break loop, RX Start Bit detected, skip low wait
   #else
	brcs	fl_lop_end		; break loop if RX Start bit detected
    1e48:	10 f0       	brcs	.+4      	; 0x1e4e <fl_lop_end>
   #endif
  #endif
  #if LED_START_FLASHES < 0
	inc	r21		; while (++count)
  #else 
	subi	r21, 1
    1e4a:	51 50       	subi	r21, 0x01	; 1
  #endif
	brne	fl_lop		; while (--count)
    1e4c:	c1 f7       	brne	.-16     	; 0x1e3e <fl_lop>

00001e4e <fl_lop_end>:

;=-=-=-=-=-=-=-=-=-=-=-=-=-=-=-=-=-=-=-=-=-=-=-=-=-=-=-=-=-
  /* Forever loop */
;=-=-=-=-=-=-=-=-=-=-=-=-=-=-=-=-=-=-=-=-=-=-=-=-=-=-=-=-=-
get_nextp:
	rcall	getch
    1e4e:	8b d0       	rcall	.+278    	; 0x1f66 <getch>
;=-=-=-=-=-=-=-=-=-=-=-=-=-=-=-=-=-=-=-=-=-=-=-=-=-=-=-=-=-
	cpi	r24, STK_GET_PARAMETER		; 'A' 0x41
    1e50:	81 34       	cpi	r24, 0x41	; 65
	brne	fin_get_par
    1e52:	61 f4       	brne	.+24     	; 0x1e6c <ck_SET_DEV>
// handle get parameter instruction
	rcall	getch		; get parameter byte
    1e54:	88 d0       	rcall	.+272    	; 0x1f66 <getch>
	mov	r21, r24	; move parameter to r21
    1e56:	58 2f       	mov	r21, r24
	rcall	verifySpace	; check Sync_CRC_EOP, putch(STK_INSYNC)
    1e58:	7b d0       	rcall	.+246    	; 0x1f50 <verifySpace>

 	ldi	r24, OPTIBOOT_MINVER	; 	
    1e5a:	83 e0       	ldi	r24, 0x03	; 3
	cpi	r21, STK_SW_MINOR	; Parm_STK_SW_MINOR (0x82)
    1e5c:	52 38       	cpi	r21, 0x82	; 130
	breq	to_putch	; rcall putch, rjmp put_ok
    1e5e:	21 f0       	breq	.+8      	; 0x1e68 <to_putch>
	ldi	r24, 0x03	; answer generic 0x03
    1e60:	83 e0       	ldi	r24, 0x03	; 3
	cpi	r21, STK_SW_MAJOR	; Parm_STK_SW_MAJOR (0x81)
    1e62:	51 38       	cpi	r21, 0x81	; 129
	brne	to_putch	; rcall putch, rjmp put_ok
    1e64:	09 f4       	brne	.+2      	; 0x1e68 <to_putch>
	ldi	r24, OPTIBOOT_MAJVER+OPTIBOOT_CUSTOMVER
    1e66:	86 e7       	ldi	r24, 0x76	; 118

00001e68 <to_putch>:
to_putch:
       	rcall	putch		; answer MINVER or MAJVER+CUSTOMVER or 0x03
    1e68:	78 d0       	rcall	.+240    	; 0x1f5a <ptch1>
	rjmp	put_ok		; putch(STK_OK); rjmp get_nextp
    1e6a:	5a c0       	rjmp	.+180    	; 0x1f20 <next_adr_put_ok>

00001e6c <ck_SET_DEV>:
        rjmp    put_ok          ; putch(STK_OK); rjmp get_nextp
no_read_lock:
 #endif
#endif  /* SUPPORT_READ_FUSES */
ck_SET_DEV:
	ldi	r20, 20
    1e6c:	44 e1       	ldi	r20, 0x14	; 20
;=-=-=-=-=-=-=-=-=-=-=-=-=-=-=-=-=-=-=-=-=-=-=-=-=-=-=-=-=-
	cpi	r24, STK_SET_DEVICE		; 'B'
    1e6e:	82 34       	cpi	r24, 0x42	; 66
       	breq	to_getNch	; STK set device is ignored
    1e70:	19 f0       	breq	.+6      	; 0x1e78 <to_getNch>
	ldi	r20, 5
    1e72:	45 e0       	ldi	r20, 0x05	; 5
;=-=-=-=-=-=-=-=-=-=-=-=-=-=-=-=-=-=-=-=-=-=-=-=-=-=-=-=-=-
   	cpi	r24, STK_SET_DEVICE_EXT		; 'E'
    1e74:	85 34       	cpi	r24, 0x45	; 69
	brne	ck_LA
    1e76:	11 f4       	brne	.+4      	; 0x1e7c <ck_LA>

00001e78 <to_getNch>:
; STK set device or STK set device ext is ignored
to_getNch:
	rcall	getNch		; ignore r20 count (20 or 5) parameters
    1e78:	68 d0       	rcall	.+208    	; 0x1f4a <getNch>

00001e7a <to_put_ok>:
to_put_ok:
	rjmp	put_ok		; putch(STK_OK); rjmp get_nextp
    1e7a:	52 c0       	rjmp	.+164    	; 0x1f20 <next_adr_put_ok>

00001e7c <ck_LA>:
;=-=-=-=-=-=-=-=-=-=-=-=-=-=-=-=-=-=-=-=-=-=-=-=-=-=-=-=-=-
ck_LA:
	cpi	r24, STK_LOAD_ADDRESS		; 'U'
    1e7c:	85 35       	cpi	r24, 0x55	; 85
   	brne	ck_UNI
    1e7e:	41 f4       	brne	.+16     	; 0x1e90 <ck_UNI>
; **** STK load address
	rcall	getch		; lower address bits
    1e80:	72 d0       	rcall	.+228    	; 0x1f66 <getch>
	cp	r4, r24		; is address allready predicted ?
	breq	match_lo
	AOUT	RAMPZ, r1		; RAMPZ = 0  new address was not predicted
match_lo:
#endif
	mov	r4, r24
    1e82:	48 2e       	mov	r4, r24
	rcall	getch		; upper address bits
    1e84:	70 d0       	rcall	.+224    	; 0x1f66 <getch>
	adc	r1,r1		; add carry to r1
	AOUT	RAMPZ, r1		; RAMPZ = 0/1  new address was not predicted
	clr	r1
match_hi:
#else
	mov	r5, r24		; r4:5 is load address
    1e86:	58 2e       	mov	r5, r24
#endif
#if defined(EEprom_ByteAddress)
	movw	ZL, r4		; save original address in r30:r31 for EEprom
#endif
	add	r4, r4		; newAddress << 1
    1e88:	44 0c       	add	r4, r4
	adc	r5, r5		; make word address to byte address for Flash
    1e8a:	55 1c       	adc	r5, r5
#if !defined(EEprom_ByteAddress)
	movw	ZL, r4		; save original address in r30:r31 for EEprom
    1e8c:	f2 01       	movw	r30, r4
#endif
	rjmp	ver_put 	; rcall verifySpace; rjmp put_ok
    1e8e:	5b c0       	rjmp	.+182    	; 0x1f46 <ver_put>

00001e90 <ck_UNI>:
;=-=-=-=-=-=-=-=-=-=-=-=-=-=-=-=-=-=-=-=-=-=-=-=-=-=-=-=-=-
ck_UNI:
       	cpi	r24, STK_UNIVERSAL 	; 'V'
    1e90:	86 35       	cpi	r24, 0x56	; 86
       	brne	ck_PP
    1e92:	21 f4       	brne	.+8      	; 0x1e9c <ck_PP>
        add     r24, r24        ; * 2
        AOUT    RAMPZ, r24
        rcall   getch           ; 0x00 is ignored
        rcall   verifySpace
#else
	ldi	r20, 4		; getNch(4)
    1e94:	44 e0       	ldi	r20, 0x04	; 4
	rcall	getNch
    1e96:	59 d0       	rcall	.+178    	; 0x1f4a <getNch>
#endif
 	ldi	r24, 0
    1e98:	80 e0       	ldi	r24, 0x00	; 0
	rjmp	to_putch	; rcall putch, rjmp put_ok
    1e9a:	e6 cf       	rjmp	.-52     	; 0x1e68 <to_putch>

00001e9c <ck_PP>:
;=-=-=-=-=-=-=-=-=-=-=-=-=-=-=-=-=-=-=-=-=-=-=-=-=-=-=-=-=-
ck_PP:
  	cpi	r24, STK_PROG_PAGE 	; 'd'
    1e9c:	84 36       	cpi	r24, 0x64	; 100
	breq	is_PROG
    1e9e:	09 f0       	breq	.+2      	; 0x1ea2 <is_PROG>
	rjmp	ck_READP
    1ea0:	2c c0       	rjmp	.+88     	; 0x1efa <ck_READP>

00001ea2 <is_PROG>:
is_PROG:
    /* Write memory, length is big endian and is in bytes */
	rcall	get_length	; r16:r17  and r26:r27 is length, r6=r24= type-'E'
    1ea2:	6e d0       	rcall	.+220    	; 0x1f80 <get_length>

    // PROGRAM PAGE - we support flash and optional EEPROM programming
; - - - - - - - - - - - - - - - - - - - - - - - - - - - - -
#if (NRWWSTART != 0) && (NO_EARLY_PAGE_ERASE == 0)
    	breq	no_pg_erase	; if (type) // no early page erase for EEprom
    1ea4:	19 f0       	breq	.+6      	; 0x1eac <no_pg_erase>
	ASBIS	WRPP_PIN,WRPP_BIT
	rjmp	no_pg_erase	; Hardware Write Protect emulation
 #endif
  ; if NRWWSTART is zero, no RWW section is present. Never erase the page
  ; at this early state.
	rcall	check_in_rww
    1ea6:	79 d0       	rcall	.+242    	; 0x1f9a <check_in_rww>
	brsh	no_pg_erase	; if (address < NRWWSTART)
    1ea8:	08 f4       	brcc	.+2      	; 0x1eac <no_pg_erase>
 // If we are in RWW section, immediately start page erase
	rcall	boot_page_erase		; use r4:r5 for Z
    1eaa:	7a d0       	rcall	.+244    	; 0x1fa0 <boot_page_erase>

00001eac <no_pg_erase>:
 // While that is going on, read in page contents
#endif

no_pg_erase:
; - - - - - - - - - - - - - - - - - - - - - - - - - - - - -
	movw	YL, r18		; buf16Ptr (r28:r29) = RAMSTART
    1eac:	e9 01       	movw	r28, r18

00001eae <fill_buf>:
fill_buf:
	rcall	getch		; call next data from serial
    1eae:	5b d0       	rcall	.+182    	; 0x1f66 <getch>
	st	Y+, r24		; *bufPtr++ = getch()
    1eb0:	89 93       	st	Y+, r24
	sbiw	r26, 1		; length = length - 1
    1eb2:	11 97       	sbiw	r26, 0x01	; 1
	brne	fill_buf
    1eb4:	e1 f7       	brne	.-8      	; 0x1eae <fill_buf>

	movw	r26, r16	; set length back to start value
    1eb6:	d8 01       	movw	r26, r16
	movw	YL, r18		; buf16Ptr (r28:r29) = RAMSTART
    1eb8:	e9 01       	movw	r28, r18

	; SRAM of ATmega is filled with data
	rcall	verifySpace	; check Sync_CRC_EOP, putch(STK_INSYNC)
    1eba:	4a d0       	rcall	.+148    	; 0x1f50 <verifySpace>
  #warning "optiboot is compiled with a write protect bit at a input pin !!!"
	ASBIS	WRPP_PIN,WRPP_BIT
	rjmp	put_ok		; Hardware Write Protect emulation
 #endif
#if SUPPORT_EEPROM > 0
        cpse    r6, r1          ; r6 == 0, is EEprom write
    1ebc:	61 10       	cpse	r6, r1
        rjmp    write_flash     ; if (!type)
    1ebe:	09 c0       	rjmp	.+18     	; 0x1ed2 <write_flash>

00001ec0 <ee_wrlop>:

; is EEprom write
; the address is allŕeady set in Z

ee_wrlop:
        wdr             ; watchdogReset();
    1ec0:	a8 95       	wdr
        ld      r24, Y+                 ; *bufPtr++
    1ec2:	89 91       	ld	r24, Y+
 #if VIRTUAL_BOOT_PARTITION > 0
        rcall   wr_eeprom
 #else
 /* eeprom write is done only here, therefore without a rcall to save flash */
        rcall   set_eeprom_adr  ; Z+
    1ec4:	57 d0       	rcall	.+174    	; 0x1f74 <set_eeprom_adr>
        AOUT    EEDR, r24       ; data to EEprom controller
    1ec6:	8d bb       	out	0x1d, r24	; 29
        ASBI    EECR, EEMPE
    1ec8:	e2 9a       	sbi	0x1c, 2	; 28
        ASBI    EECR, EEPE      ; /* Start eeprom write by setting EEPE */
    1eca:	e1 9a       	sbi	0x1c, 1	; 28
 #endif         /* VIRTUAL_BOOT_PARTITION */

        sbiw    r26, 1          ; length = length - 1
    1ecc:	11 97       	sbiw	r26, 0x01	; 1
        brne    ee_wrlop
    1ece:	c1 f7       	brne	.-16     	; 0x1ec0 <ee_wrlop>

        ; eeprom write is finished
        rjmp    put_ok          ; putch(STK_OK); rjmp get_nextp
    1ed0:	27 c0       	rjmp	.+78     	; 0x1f20 <next_adr_put_ok>

00001ed2 <write_flash>:
#if (NO_EARLY_PAGE_ERASE != 0) || (NRWWSTART == 0)
  ; If NRWWSTART is zero, boot_page_erase must be called every time here!
  ; if NO_EARLY_PAGE_ERASE is set, the page is never erased before data input , programming is slow!
	rcall	boot_page_erase		; use r4:r5 for Z
#else
	rcall	check_in_rww
    1ed2:	63 d0       	rcall	.+198    	; 0x1f9a <check_in_rww>
	brlo	no_erase1
    1ed4:	08 f0       	brcs	.+2      	; 0x1ed8 <no_erase1>
        // If we are in NRWW section, page erase has to be delayed until now.
        // Todo: Take RAMPZ into account (not doing so just means that we will
        //  treat the top of both "pages" of flash as NRWW, for a slight speed
        //  decrease, so fixing this is not urgent.)
	rcall	boot_page_erase		; use r4:r5 for Z
    1ed6:	64 d0       	rcall	.+200    	; 0x1fa0 <boot_page_erase>

00001ed8 <no_erase1>:
#endif

no_erase1:
        // If only a partial page is to be programmed, the erase might not be complete.
        // So check that here
	rcall	wait_flash_ready
    1ed8:	5c d0       	rcall	.+184    	; 0x1f92 <wait_flash_ready>

#endif		/* VIRTUAL_BOOT_PARTITION */

;     Fill the programming buffer
;     ---------------------------
	movw	ZL, r4		; addrPtr = address
    1eda:	f2 01       	movw	r30, r4

00001edc <wr_lop1>:
;	buf16Ptr (r28:r29) = RAMSTART
wr_lop1:
    	ld	r0, Y+		; *buf16Ptr++
    1edc:	09 90       	ld	r0, Y+
	ld	r1, Y+
    1ede:	19 90       	ld	r1, Y+
	ldi	r20, (1<<SELFPRGEN)
    1ee0:	41 e0       	ldi	r20, 0x01	; 1
	; r0:r1 is data, Z r30:r31 is address, probably RAMPZ is also set
	rcall	my_do_spm		; AOUT SPMCSR, r20 ; spm
    1ee2:	60 d0       	rcall	.+192    	; 0x1fa4 <my_do_spm>
	eor	r1, r1
    1ee4:	11 24       	eor	r1, r1
	adiw	ZL, 2		; increment address
    1ee6:	32 96       	adiw	r30, 0x02	; 2
	sbiw	r26, 2		; length = length - 2
    1ee8:	12 97       	sbiw	r26, 0x02	; 2
	brne	wr_lop1
    1eea:	c1 f7       	brne	.-16     	; 0x1edc <wr_lop1>

	movw	ZL, r4		; addrPtr = address
    1eec:	f2 01       	movw	r30, r4
#if defined(__AVR_ATtiny48__) || defined(__AVR_ATtiny88__)
	andi	ZL, 0xc0	; make shure a zero Z5:Z1 for ATtiny48/88, 64 Byte Flash
#endif
        // Write from programming buffer
        // -----------------------------
	ldi	r20, (1<<PGWRT)|(1<<SELFPRGEN)	; 0x05	
    1eee:	45 e0       	ldi	r20, 0x05	; 5
	rcall	my_do_spm		; AOUT SPMCSR, r20 ; spm
    1ef0:	59 d0       	rcall	.+178    	; 0x1fa4 <my_do_spm>
	rcall	wait_flash_ready
    1ef2:	4f d0       	rcall	.+158    	; 0x1f92 <wait_flash_ready>
#if defined(RWWSRE)
       // Reenable read access to flash
	ldi	r20, (1<<RWWSRE)|(1<<SELFPRGEN)	; 0x11	
    1ef4:	41 e1       	ldi	r20, 0x11	; 17
	rcall	my_do_spm		; AOUT SPMCSR, r20 ; spm
    1ef6:	56 d0       	rcall	.+172    	; 0x1fa4 <my_do_spm>

00001ef8 <update_z_put_ok>:
#endif
update_z_put_ok:
	rjmp	next_adr_put_ok
    1ef8:	13 c0       	rjmp	.+38     	; 0x1f20 <next_adr_put_ok>

00001efa <ck_READP>:
;=-=-=-=-=-=-=-=-=-=-=-=-=-=-=-=-=-=-=-=-=-=-=-=-=-=-=-=-=-
ck_READP:
      	cpi	r24, STK_READ_PAGE	; 't'
    1efa:	84 37       	cpi	r24, 0x74	; 116
#if VIRTUAL_BOOT_PARTITION > 0
	breq	is_read_page
	rjmp	ck_READS
is_read_page:
#else
	brne   	ck_READS
    1efc:	a1 f4       	brne	.+40     	; 0x1f26 <ck_READS>
#endif
    /* Read memory block mode, length is big endian.  */
	rcall	get_length	; r16:r17  and r26:r27 is length, r6=r24= type-'E'
    1efe:	40 d0       	rcall	.+128    	; 0x1f80 <get_length>
     // READ PAGE - we only read flash and optional EEPROM
	rcall	verifySpace	; check Sync_CRC_EOP, putch(STK_INSYNC)
    1f00:	27 d0       	rcall	.+78     	; 0x1f50 <verifySpace>
;	TODO: putNch()

#if SUPPORT_EEPROM > 0
        tst     r6              ; check if type was 'E'
    1f02:	66 20       	and	r6, r6
        brne    flash_read
    1f04:	39 f4       	brne	.+14     	; 0x1f14 <flash_read>

00001f06 <ee_rd_lop2>:
 #if VIRTUAL_BOOT_PARTITION > 0
        rcall   rd_eeprom       ; Z+
 #else
  /* EEprom read is only required here without the VIRTUAL_BOOT_PARTITION */
  /* Therefore the function rd_eeprom is places here without a rcall      */
        rcall   set_eeprom_adr  ; Z+
    1f06:	36 d0       	rcall	.+108    	; 0x1f74 <set_eeprom_adr>
        ASBI    EECR, EERE
    1f08:	e0 9a       	sbi	0x1c, 0	; 28
        AIN     r24, EEDR               ; read data from EEprom
    1f0a:	8d b3       	in	r24, 0x1d	; 29
 #endif
        rcall   putch
    1f0c:	26 d0       	rcall	.+76     	; 0x1f5a <ptch1>
        sbiw    r26, 1          ; length-1
    1f0e:	11 97       	sbiw	r26, 0x01	; 1
        brne    ee_rd_lop2 		;
    1f10:	d1 f7       	brne	.-12     	; 0x1f06 <ee_rd_lop2>
        rjmp    put_ok
    1f12:	06 c0       	rjmp	.+12     	; 0x1f20 <next_adr_put_ok>

00001f14 <flash_read>:

; - - - - - - - - - - - - - - - - - - - - - - - - - - - - -
;	read flash
flash_read:
	; r26:r27 = r16:r17 = Length
	movw	ZL, r4		; Z = addrPtr = address
    1f14:	f2 01       	movw	r30, r4
	movw	YL, r18		; buf16Ptr (r28:r29) = RAMSTART
    1f16:	e9 01       	movw	r28, r18

00001f18 <flash_rd_lop2>:
	sbiw	r26, 1
	breq	next_adr_put_ok
	adiw	Z, 1
	rjmp	flash_rd_lop2
 #else
	lpm	r24, Z+
    1f18:	85 91       	lpm	r24, Z+
	rcall	putch
    1f1a:	1f d0       	rcall	.+62     	; 0x1f5a <ptch1>
	sbiw	r26, 1
    1f1c:	11 97       	sbiw	r26, 0x01	; 1
	brne	flash_rd_lop2
    1f1e:	e1 f7       	brne	.-8      	; 0x1f18 <flash_rd_lop2>

00001f20 <next_adr_put_ok>:
;	adc	r5, r17
;	lsr	r5		; r5:r4 = r5:r4 / 2
;	ror	r4
#endif
put_ok:
     	ldi	r24, STK_OK	; 0x10
    1f20:	80 e1       	ldi	r24, 0x10	; 16
       	rcall	putch
    1f22:	1b d0       	rcall	.+54     	; 0x1f5a <ptch1>

00001f24 <to_get_nextp>:
to_get_nextp:
       	rjmp	get_nextp
    1f24:	94 cf       	rjmp	.-216    	; 0x1e4e <fl_lop_end>

00001f26 <ck_READS>:

;=-=-=-=-=-=-=-=-=-=-=-=-=-=-=-=-=-=-=-=-=-=-=-=-=-=-=-=-=-
ck_READS:
     	cpi	r24, STK_READ_SIGN	; 'u'
    1f26:	85 37       	cpi	r24, 0x75	; 117
	brne	ck_EOP
    1f28:	41 f4       	brne	.+16     	; 0x1f3a <ck_EOP>
	brne	ck_LEAVE
    1f2a:	49 f4       	brne	.+18     	; 0x1f3e <ck_LEAVE>
;	READ SIGN - return what Avrdude wants to hear
	rcall	verifySpace	; check Sync_CRC_EOP, putch(STK_INSYNC)
    1f2c:	11 d0       	rcall	.+34     	; 0x1f50 <verifySpace>
	ldi	r24, SIGNATURE_0
    1f2e:	8e e1       	ldi	r24, 0x1E	; 30
	rcall	putch
    1f30:	14 d0       	rcall	.+40     	; 0x1f5a <ptch1>
	ldi	r24, SIGNATURE_1
    1f32:	83 e9       	ldi	r24, 0x93	; 147
	rcall	putch
    1f34:	12 d0       	rcall	.+36     	; 0x1f5a <ptch1>
	ldi	r24, SIGNATURE_2
    1f36:	87 e0       	ldi	r24, 0x07	; 7
	rjmp	to_putch	; rcall putch, rjmp put_ok
    1f38:	97 cf       	rjmp	.-210    	; 0x1e68 <to_putch>

00001f3a <ck_EOP>:
;=-=-=-=-=-=-=-=-=-=-=-=-=-=-=-=-=-=-=-=-=-=-=-=-=-=-=-=-=-
ck_EOP:
			; avrdude send a STK_GET_SYNC followed by CRC_EOP
			; if the STK_GET_SYNC is loose out, the CRC_EOP is detected as last character
	cpi	r24, CRC_EOP			; ' ' 0x20
    1f3a:	80 32       	cpi	r24, 0x20	; 32
	breq	to_get_nextp			; wait for next STK_GET_SYNC
    1f3c:	99 f3       	breq	.-26     	; 0x1f24 <to_get_nextp>

00001f3e <ck_LEAVE>:
;=-=-=-=-=-=-=-=-=-=-=-=-=-=-=-=-=-=-=-=-=-=-=-=-=-=-=-=-=-
ck_LEAVE:
      	cpi	r24, STK_LEAVE_PROGMODE	; 'Q'
    1f3e:	81 35       	cpi	r24, 0x51	; 81
	brne	ver_put
    1f40:	11 f4       	brne	.+4      	; 0x1f46 <ver_put>
;  Adaboot no wait mod
	ldi	r20, WATCHDOG_16MS	; 0x08
    1f42:	48 e0       	ldi	r20, 0x08	; 8
	rcall	watchdogConfig
    1f44:	32 d0       	rcall	.+100    	; 0x1faa <watchdogConfig>

00001f46 <ver_put>:
ver_put:
     	rcall	verifySpace	; check Sync_CRC_EOP, putch(STK_INSYNC)
    1f46:	04 d0       	rcall	.+8      	; 0x1f50 <verifySpace>
	rjmp	put_ok		; putch(STK_OK); rjmp get_nextp
    1f48:	eb cf       	rjmp	.-42     	; 0x1f20 <next_adr_put_ok>

00001f4a <getNch>:
;**********************************************************
; read r20 count character from serial input and look if space follow
getNch:		; call  getNch, r20 = count
	; repeat count times "call getch"
repeat_g:
     	rcall	getch		; do getch(); while (--count);
    1f4a:	0d d0       	rcall	.+26     	; 0x1f66 <getch>
       	subi	r20, 1		; count - 1
    1f4c:	41 50       	subi	r20, 0x01	; 1
     	brne	repeat_g
    1f4e:	e9 f7       	brne	.-6      	; 0x1f4a <getNch>

00001f50 <verifySpace>:

;**********************************************************
; look if a space character can be read from serial input and answer
verifySpace:		/* void verifySpace(void) { */
; use of r24,
     	rcall	getch		; if (getch() != CRC_EOP)
    1f50:	0a d0       	rcall	.+20     	; 0x1f66 <getch>
       	cpi	r24, CRC_EOP	; 0x20
    1f52:	80 32       	cpi	r24, 0x20	; 32
       	breq	no_to
    1f54:	09 f0       	breq	.+2      	; 0x1f58 <no_to>
     	rcall	wait_timeout		;wait_timeout();
    1f56:	3d d0       	rcall	.+122    	; 0x1fd2 <wait_timeout>

00001f58 <no_to>:
no_to:
       	ldi	r24, STK_INSYNC
    1f58:	84 e1       	ldi	r24, 0x14	; 20

00001f5a <ptch1>:
	AOUT	UART_SRB, r25		; enable UART input
 #else
	/* For normal serial transfer we wait until the buffer UDR is free. */
	/* After loading the buffer we return immediately to caller */
ptch1:
	AIN	r25, UART_STATUS	; while (!(UART_SRA & _BV(UDRE0)));
    1f5a:	9b b1       	in	r25, 0x0b	; 11
  #if UART_STATUS == LINSIR
	andi	r25, (1<<LBUSY)|(1<<LTXOK)
	cpi	r25, (1<<LBUSY)	
	breq	ptch1		; wait if LBUSY and !LTXOK
  #else
      	sbrs	r25, UDRE0
    1f5c:	95 ff       	sbrs	r25, 5
      	rjmp	ptch1		; wait, UART out not ready
    1f5e:	fd cf       	rjmp	.-6      	; 0x1f5a <ptch1>
  #endif
 #endif
	AOUT	UART_UDR, r24	; UART_UDR = ch;
    1f60:	8c b9       	out	0x0c, r24	; 12
 #if ((LED_DATA_FLASH & 0x02) > 0) && defined(LED_PORT) && defined(LEDbit)
	ACBI	LED_PORT, LEDbit
 #endif
	wdr		; watchdogReset(); /* prevent watch dog timeout during slow serial output */
    1f62:	a8 95       	wdr
      	ret
    1f64:	08 95       	ret

00001f66 <getch>:
getch: 
 #if ((LED_DATA_FLASH & 0x01) > 0) && defined(LED_PORT) && defined(LEDbit)
	ASBI	LED_PORT, LEDbit
 #endif
gtch1:
	AIN	r24, UART_STATUS	; if (UART_SRA & _BV(RXC0)) {
    1f66:	8b b1       	in	r24, 0x0b	; 11
     	sbrs	r24, RXC0
    1f68:	87 ff       	sbrs	r24, 7
       	rjmp	gtch1			; no data received, wait
    1f6a:	fd cf       	rjmp	.-6      	; 0x1f66 <getch>
 #if UART_STATUS != UART_ERRSTAT
	AIN	r24, UART_ERRSTAT
 #endif
      	sbrs	r24, FE0		; if (!(UART_SRA & _BV(FE0))) {
    1f6c:	84 ff       	sbrs	r24, 4
     	wdr		; watchdogReset();
    1f6e:	a8 95       	wdr
         * watchdog.  This should cause the bootloader to abort and run
         * the application "soon", if it keeps happening.  (Note that we
         * don't care that an invalid char is returned...)
         */

 	AIN	r24, UART_UDR	; ch = UART_UDR; return ch;
    1f70:	8c b1       	in	r24, 0x0c	; 12
 #if ((LED_DATA_FLASH & 0x01) > 0) && defined(LED_PORT) && defined(LEDbit)
	ACBI	LED_PORT, LEDbit
 #endif
       	ret
    1f72:	08 95       	ret

00001f74 <set_eeprom_adr>:
;**********************************************************
#if (VIRTUAL_BOOT_PARTITION > 0) || defined(SUPPORT_EEPROM)
/* Z hold the eeprom address, which is loaded to EEAR and afterwards increased by 1 */
/* ASBIC can destroy content of register r0 */
set_eeprom_adr:
  	ASBIC	EECR, EEPE	; while (!eeprom_is_ready()) can use r0
    1f74:	e1 99       	sbic	0x1c, 1	; 28
   	rjmp	set_eeprom_adr	; wait
    1f76:	fe cf       	rjmp	.-4      	; 0x1f74 <set_eeprom_adr>
   	rjmp	set_eeprom_adr	; wait
 #endif
;	rcall	wait_flash_ready	; should allways be not busy

 #ifdef EEARH
	AOUT	EEARH, ZH	; EEAR = addrPtr++
    1f78:	ff bb       	out	0x1f, r31	; 31
 #endif
	AOUT	EEARL, ZL
    1f7a:	ee bb       	out	0x1e, r30	; 30
	adiw	ZL, 1
    1f7c:	31 96       	adiw	r30, 0x01	; 1
	ret			; set_eeprom_adr
    1f7e:	08 95       	ret

00001f80 <get_length>:
;	result is r26:r27 = r16:r17  last:first byte
;	use r22, r25 (soft)
;	additional result is r6 = r24 = type  - 'E' 
;	zero-Flag is set, if type is 'E' (with SUPPORT_EEPROM)
get_length:
	rcall	getch
    1f80:	f2 df       	rcall	.-28     	; 0x1f66 <getch>
	mov	r17, r24	; r17 = upper bits of length
    1f82:	18 2f       	mov	r17, r24
	rcall	getch
    1f84:	f0 df       	rcall	.-32     	; 0x1f66 <getch>
	mov	r16, r24	; r16 = lower bits of length
    1f86:	08 2f       	mov	r16, r24
	movw	r26, r16	; can be changed by sbiw or adiw
    1f88:	d8 01       	movw	r26, r16
	rcall	getch		; read in type
    1f8a:	ed df       	rcall	.-38     	; 0x1f66 <getch>
	subi	r24, 'E'	; type = getch() - 'E'
    1f8c:	85 54       	subi	r24, 0x45	; 69
	mov	r6, r24
    1f8e:	68 2e       	mov	r6, r24
	ret
    1f90:	08 95       	ret

00001f92 <wait_flash_ready>:

;**********************************************************
;	call wait_flash_ready wait for a idle Flash controller
;	use r0
wait_flash_ready:
       	AIN	r0, SPMCSR 
    1f92:	07 b6       	in	r0, 0x37	; 55
	sbrc	r0, SELFPRGEN
    1f94:	00 fc       	sbrc	r0, 0
	rjmp	wait_flash_ready
    1f96:	fd cf       	rjmp	.-6      	; 0x1f92 <wait_flash_ready>
	ret
    1f98:	08 95       	ret

00001f9a <check_in_rww>:
	AIN	r24, RAMPZ	; upper address bits in RAMPZ must be 0
	cpi	r24, hh8(FLASHEND)
	brne	ret_check
; check the lower bits, we are in upper region
 #endif
	ldi	r24, hi8(NRWWSTART) ; 0x70
    1f9a:	88 e1       	ldi	r24, 0x18	; 24
	cp	r5, r24		; lo8(NRWWSTART) is allways zero
    1f9c:	58 16       	cp	r5, r24

00001f9e <ret_check>:
ret_check:
	ret
    1f9e:	08 95       	ret

00001fa0 <boot_page_erase>:
;	r20 is used to setup the spm instruction
;	probably RAMPZ must be set before to extend the r4:r5 address
;	return is immediately, the flash controller is probably still busy
boot_page_erase:
;	rcall	wait_flash_ready
    	movw	ZL, r4		; __boot_page_erase_short((uint16_t)(void*)address)
    1fa0:	f2 01       	movw	r30, r4
   #endif
  #endif
	and	r20, r4
	brne	no_erase4	; not a fourth page
 #endif
	ldi	r20, (1<<PGERS)|(1<<SELFPRGEN)	; 0x03
    1fa2:	43 e0       	ldi	r20, 0x03	; 3

00001fa4 <my_do_spm>:
my_do_spm:
	AOUT	SPMCSR, r20	; (1<<PGERS)|(SELFPRGEN)
    1fa4:	47 bf       	out	0x37, r20	; 55
	spm
    1fa6:	e8 95       	spm

00001fa8 <no_erase4>:
;	special handling of spm for ATmega163 and ATmega323
	.word	0xffff
	nop
#endif
no_erase4:
	ret
    1fa8:	08 95       	ret

00001faa <watchdogConfig>:
watchdogConfig: 
#ifndef WDTCSR
 #define WDTCSR  WDTCR
#endif
#if defined(WDCE)
    	ldi	r21, (1<<WDCE) | (1<<WDE)	; 0x18
    1faa:	58 e1       	ldi	r21, 0x18	; 24
	AOUT	WDTCSR, r21	; (1<<WDCE) | (1<<WDE) ; watchdogConfig(x);
    1fac:	51 bd       	out	0x21, r21	; 33
 #else
    	ldi	r21, (1<<WDE)	; 0x08
	AOUT	WDTCSR, r21	; (1<<WDE) ; watchdogConfig(x);
 #endif
#endif
       	AOUT	WDTCSR, r20		; WDTCSR = x;
    1fae:	41 bd       	out	0x21, r20	; 33
       	ret
    1fb0:	08 95       	ret

00001fb2 <wait_T1ov>:
; use  r24 and probably r0
; if no timer1 (16-Bit) is present, use counter 0 with additional register count
wait_T1ov:
 #ifdef TCNT1H
; use 16-Bit counter
	ldi	r24, hi8(0xffff-(F_CPU/(1024*20)))
    1fb2:	8c ef       	ldi	r24, 0xFC	; 252
	AOUT	TCNT1H, r24		; set new counter value to TCNT1
    1fb4:	8d bd       	out	0x2d, r24	; 45
	ldi	r24, lo8(0xffff-(F_CPU/(1024*20)))
    1fb6:	82 ef       	ldi	r24, 0xF2	; 242
	AOUT	TCNT1L, r24
    1fb8:	8c bd       	out	0x2c, r24	; 44
	ldi	r24, (1<<CS12)|(1<<CS10)	; internal clock, divide by 1024, mode 0
    1fba:	85 e0       	ldi	r24, 0x05	; 5
;	sts	_SFR_MEM_ADDR(TCCR1B), r24	
	AOUT	TCCR1B, r24
    1fbc:	8e bd       	out	0x2e, r24	; 46

00001fbe <wt_ov1>:

; wait until timer 1 OV occur (optional soft serial input can break the loop )
wt_ov1:
  #if Check_RX != 0		/* Check for RX Start bit is detected */
	; leave the wait for OV event loop, if data at the RX port are present
	sec			; set carry for break
    1fbe:	08 94       	sec
	ASBIS	UART_RX_PIN, UART_RX_BIT	; Look if RX is still high
    1fc0:	80 9b       	sbis	0x10, 0	; 16
       	ret			; any character present at serial rx port
    1fc2:	08 95       	ret
  #endif		/* Check_RX */
	AIN	r24, TIFR1	; get Timer 1 Status bits
    1fc4:	88 b7       	in	r24, 0x38	; 56
	sbrs	r24, TOV1	; Test OV bit
    1fc6:	82 ff       	sbrs	r24, 2
	rjmp	wt_ov1		; no OverFlow, wait
    1fc8:	fa cf       	rjmp	.-12     	; 0x1fbe <wt_ov1>
	AOUT	TIFR1, r24	; clear the flags
    1fca:	88 bf       	out	0x38, r24	; 56
	inc	r25
	brne	wt_ov0		; wait to next OV
  #endif
 #endif
 #if Check_RX != 0		/* Check for RX Start bit is detected */
	clc		; clear carry
    1fcc:	88 94       	clc
 #endif
     	wdr		; watchdogReset();  /* prevent watch dog timeout during flashing the LED */
    1fce:	a8 95       	wdr
	ret
    1fd0:	08 95       	ret

00001fd2 <wait_timeout>:
#endif

;**********************************************************
;	rcall wait_timeout  set the watch dog timer to 16ms and wait for reset
wait_timeout:
     	ldi	r20, WATCHDOG_16MS
    1fd2:	48 e0       	ldi	r20, 0x08	; 8
	rcall	watchdogConfig	;  watchdogConfig(WATCHDOG_16MS) 
    1fd4:	ea df       	rcall	.-44     	; 0x1faa <watchdogConfig>

00001fd6 <lop77>:
lop77:
    	rjmp	lop77		; endless loop, watch Dog will reset!
    1fd6:	ff cf       	rjmp	.-2      	; 0x1fd6 <lop77>
; 
; FORCE_WATCHDOG=
; LED_START_FLASHES=3
; LED_DATA_FLASH=
; LED=B5
; UART=0
; SOURCE_TYPE=S
; SUPPORT_EEPROM=1
; MCU_TARGET = atmega8
; AVR_FREQ= 16000000
; BAUD_RATE=115200
