
optiboot.elf:     file format elf32-avr

Sections:
Idx Name          Size      VMA       LMA       File off  Algn
  0 .data         00000000  00800100  00003ffa  0000026e  2**0
                  CONTENTS, ALLOC, LOAD, DATA
  1 .version      00000002  00003ffe  00003ffe  0000026e  2**0
                  CONTENTS, READONLY
  2 .text         000001fa  00003e00  00003e00  00000074  2**1
                  CONTENTS, ALLOC, LOAD, READONLY, CODE
  3 .stab         00000bac  00000000  00000000  00000270  2**2
                  CONTENTS, READONLY, DEBUGGING
  4 .stabstr      00000058  00000000  00000000  00000e1c  2**0
                  CONTENTS, READONLY, DEBUGGING

Disassembly of section .text:

00003e00 <__ctors_end>:
    3e00:	08 c0       	rjmp	.+16     	; 0x3e12 <optiboot>

00003e02 <do_spm>:
    3e02:	fc 01       	movw	r30, r24
    3e04:	0a 01       	movw	r0, r20
    3e06:	67 bf       	out	0x37, r22	; 55
    3e08:	e8 95       	spm
    3e0a:	11 24       	eor	r1, r1
    3e0c:	d1 d0       	rcall	.+418    	; 0x3fb0 <wait_flash_ready>
    3e0e:	41 e1       	ldi	r20, 0x11	; 17
    3e10:	d5 c0       	rjmp	.+426    	; 0x3fbc <my_do_spm>

00003e12 <optiboot>:
	.func optiboot
	.global optiboot
# generate no pre_main code, if NO_APP_SPM is greater 1
#if (NO_APP_SPM < 2)
pre_main:
	rjmp	optiboot
    3e12:	f8 94       	cli
    3e14:	11 24       	eor	r1, r1
    3e16:	24 b6       	in	r2, 0x34	; 52
    3e18:	14 be       	out	0x34, r1	; 52
    3e1a:	2e ba       	out	0x1e, r2	; 30
    3e1c:	8d e0       	ldi	r24, 0x0D	; 13
    3e1e:	82 21       	and	r24, r2
    3e20:	29 f0       	breq	.+10     	; 0x3e2c <try_loader>

00003e22 <appStart>:
    3e22:	40 e0       	ldi	r20, 0x00	; 0
    3e24:	ce d0       	rcall	.+412    	; 0x3fc2 <watchdogConfig>
    3e26:	ee 27       	eor	r30, r30
    3e28:	ff 27       	eor	r31, r31
    3e2a:	09 94       	ijmp

00003e2c <try_loader>:
    3e2c:	25 9a       	sbi	0x04, 5	; 4
    3e2e:	4e e0       	ldi	r20, 0x0E	; 14
    3e30:	c8 d0       	rcall	.+400    	; 0x3fc2 <watchdogConfig>
    3e32:	20 e0       	ldi	r18, 0x00	; 0
    3e34:	31 e0       	ldi	r19, 0x01	; 1
    3e36:	82 e0       	ldi	r24, 0x02	; 2
    3e38:	80 93 c0 00 	sts	0x00C0, r24	; 0x8000c0 <__DATA_REGION_ORIGIN__+0x60>
    3e3c:	9e e0       	ldi	r25, 0x0E	; 14
    3e3e:	90 93 c2 00 	sts	0x00C2, r25	; 0x8000c2 <__DATA_REGION_ORIGIN__+0x62>
    3e42:	90 e1       	ldi	r25, 0x10	; 16
    3e44:	90 93 c4 00 	sts	0x00C4, r25	; 0x8000c4 <__DATA_REGION_ORIGIN__+0x64>
    3e48:	88 e1       	ldi	r24, 0x18	; 24
    3e4a:	80 93 c1 00 	sts	0x00C1, r24	; 0x8000c1 <__DATA_REGION_ORIGIN__+0x61>
    3e4e:	53 e0       	ldi	r21, 0x03	; 3

00003e50 <fl_lop>:
    3e50:	2d 9a       	sbi	0x05, 5	; 5
    3e52:	bd d0       	rcall	.+378    	; 0x3fce <wait_T1ov>
    3e54:	28 f0       	brcs	.+10     	; 0x3e60 <fl_lop_end>
    3e56:	2d 98       	cbi	0x05, 5	; 5
    3e58:	ba d0       	rcall	.+372    	; 0x3fce <wait_T1ov>
    3e5a:	10 f0       	brcs	.+4      	; 0x3e60 <fl_lop_end>
    3e5c:	51 50       	subi	r21, 0x01	; 1
    3e5e:	c1 f7       	brne	.-16     	; 0x3e50 <fl_lop>

00003e60 <fl_lop_end>:
    3e60:	8f d0       	rcall	.+286    	; 0x3f80 <getch>
    3e62:	81 34       	cpi	r24, 0x41	; 65
    3e64:	61 f4       	brne	.+24     	; 0x3e7e <ck_SET_DEV>
    3e66:	8c d0       	rcall	.+280    	; 0x3f80 <getch>
    3e68:	58 2f       	mov	r21, r24
    3e6a:	7d d0       	rcall	.+250    	; 0x3f66 <verifySpace>
    3e6c:	83 e0       	ldi	r24, 0x03	; 3
    3e6e:	52 38       	cpi	r21, 0x82	; 130
    3e70:	21 f0       	breq	.+8      	; 0x3e7a <to_putch>
    3e72:	83 e0       	ldi	r24, 0x03	; 3
    3e74:	51 38       	cpi	r21, 0x81	; 129
    3e76:	09 f4       	brne	.+2      	; 0x3e7a <to_putch>
    3e78:	84 e7       	ldi	r24, 0x74	; 116

00003e7a <to_putch>:
    3e7a:	7a d0       	rcall	.+244    	; 0x3f70 <ptch1>
    3e7c:	5c c0       	rjmp	.+184    	; 0x3f36 <put_ok>

00003e7e <ck_SET_DEV>:
    3e7e:	44 e1       	ldi	r20, 0x14	; 20
    3e80:	82 34       	cpi	r24, 0x42	; 66
    3e82:	19 f0       	breq	.+6      	; 0x3e8a <to_getNch>
    3e84:	45 e0       	ldi	r20, 0x05	; 5
    3e86:	85 34       	cpi	r24, 0x45	; 69
    3e88:	11 f4       	brne	.+4      	; 0x3e8e <ck_LA>

00003e8a <to_getNch>:
    3e8a:	6a d0       	rcall	.+212    	; 0x3f60 <getNch>

00003e8c <to_put_ok>:
    3e8c:	54 c0       	rjmp	.+168    	; 0x3f36 <put_ok>

00003e8e <ck_LA>:
    3e8e:	85 35       	cpi	r24, 0x55	; 85
    3e90:	41 f4       	brne	.+16     	; 0x3ea2 <ck_UNI>
    3e92:	76 d0       	rcall	.+236    	; 0x3f80 <getch>
    3e94:	48 2e       	mov	r4, r24
    3e96:	74 d0       	rcall	.+232    	; 0x3f80 <getch>
    3e98:	58 2e       	mov	r5, r24
    3e9a:	44 0c       	add	r4, r4
    3e9c:	55 1c       	adc	r5, r5
    3e9e:	f2 01       	movw	r30, r4
    3ea0:	5d c0       	rjmp	.+186    	; 0x3f5c <ver_put>

00003ea2 <ck_UNI>:
    3ea2:	86 35       	cpi	r24, 0x56	; 86
    3ea4:	21 f4       	brne	.+8      	; 0x3eae <ck_PP>
    3ea6:	44 e0       	ldi	r20, 0x04	; 4
    3ea8:	5b d0       	rcall	.+182    	; 0x3f60 <getNch>
    3eaa:	80 e0       	ldi	r24, 0x00	; 0
    3eac:	e6 cf       	rjmp	.-52     	; 0x3e7a <to_putch>

00003eae <ck_PP>:
    3eae:	84 36       	cpi	r24, 0x64	; 100
    3eb0:	09 f0       	breq	.+2      	; 0x3eb4 <is_PROG>
    3eb2:	2e c0       	rjmp	.+92     	; 0x3f10 <ck_READP>

00003eb4 <is_PROG>:
    3eb4:	74 d0       	rcall	.+232    	; 0x3f9e <get_length>
    3eb6:	21 f0       	breq	.+8      	; 0x3ec0 <no_pg_erase>
    3eb8:	88 e3       	ldi	r24, 0x38	; 56
    3eba:	58 16       	cp	r5, r24
    3ebc:	08 f4       	brcc	.+2      	; 0x3ec0 <no_pg_erase>
    3ebe:	7c d0       	rcall	.+248    	; 0x3fb8 <boot_page_erase>

00003ec0 <no_pg_erase>:
    3ec0:	e9 01       	movw	r28, r18

00003ec2 <fill_buf>:
    3ec2:	5e d0       	rcall	.+188    	; 0x3f80 <getch>
    3ec4:	89 93       	st	Y+, r24
    3ec6:	11 97       	sbiw	r26, 0x01	; 1
    3ec8:	e1 f7       	brne	.-8      	; 0x3ec2 <fill_buf>
    3eca:	d8 01       	movw	r26, r16
    3ecc:	e9 01       	movw	r28, r18
    3ece:	4b d0       	rcall	.+150    	; 0x3f66 <verifySpace>
    3ed0:	61 10       	cpse	r6, r1
    3ed2:	09 c0       	rjmp	.+18     	; 0x3ee6 <write_flash>

00003ed4 <ee_wrlop>:
    3ed4:	a8 95       	wdr
    3ed6:	89 91       	ld	r24, Y+
    3ed8:	5c d0       	rcall	.+184    	; 0x3f92 <set_eeprom_adr>
    3eda:	80 bd       	out	0x20, r24	; 32
    3edc:	fa 9a       	sbi	0x1f, 2	; 31
    3ede:	f9 9a       	sbi	0x1f, 1	; 31
    3ee0:	11 97       	sbiw	r26, 0x01	; 1
    3ee2:	c1 f7       	brne	.-16     	; 0x3ed4 <ee_wrlop>
    3ee4:	28 c0       	rjmp	.+80     	; 0x3f36 <put_ok>

00003ee6 <write_flash>:
    3ee6:	88 e3       	ldi	r24, 0x38	; 56
    3ee8:	58 16       	cp	r5, r24
    3eea:	08 f0       	brcs	.+2      	; 0x3eee <no_erase1>
    3eec:	65 d0       	rcall	.+202    	; 0x3fb8 <boot_page_erase>

00003eee <no_erase1>:
    3eee:	60 d0       	rcall	.+192    	; 0x3fb0 <wait_flash_ready>
    3ef0:	f2 01       	movw	r30, r4

00003ef2 <wr_lop1>:
    3ef2:	09 90       	ld	r0, Y+
    3ef4:	19 90       	ld	r1, Y+
    3ef6:	41 e0       	ldi	r20, 0x01	; 1
    3ef8:	61 d0       	rcall	.+194    	; 0x3fbc <my_do_spm>
    3efa:	11 24       	eor	r1, r1
    3efc:	32 96       	adiw	r30, 0x02	; 2
    3efe:	12 97       	sbiw	r26, 0x02	; 2
    3f00:	c1 f7       	brne	.-16     	; 0x3ef2 <wr_lop1>
    3f02:	f2 01       	movw	r30, r4
    3f04:	45 e0       	ldi	r20, 0x05	; 5
    3f06:	5a d0       	rcall	.+180    	; 0x3fbc <my_do_spm>
    3f08:	53 d0       	rcall	.+166    	; 0x3fb0 <wait_flash_ready>
    3f0a:	41 e1       	ldi	r20, 0x11	; 17
    3f0c:	57 d0       	rcall	.+174    	; 0x3fbc <my_do_spm>
    3f0e:	13 c0       	rjmp	.+38     	; 0x3f36 <put_ok>

00003f10 <ck_READP>:
    3f10:	84 37       	cpi	r24, 0x74	; 116
    3f12:	a1 f4       	brne	.+40     	; 0x3f3c <ck_READS>
    3f14:	44 d0       	rcall	.+136    	; 0x3f9e <get_length>
    3f16:	27 d0       	rcall	.+78     	; 0x3f66 <verifySpace>
    3f18:	66 20       	and	r6, r6
    3f1a:	39 f4       	brne	.+14     	; 0x3f2a <flash_read>

00003f1c <ee_rd_lop2>:
    3f1c:	11 97       	sbiw	r26, 0x01	; 1
    3f1e:	50 f0       	brcs	.+20     	; 0x3f34 <next_adr_put_ok>
    3f20:	38 d0       	rcall	.+112    	; 0x3f92 <set_eeprom_adr>
    3f22:	f8 9a       	sbi	0x1f, 0	; 31
    3f24:	80 b5       	in	r24, 0x20	; 32
    3f26:	24 d0       	rcall	.+72     	; 0x3f70 <ptch1>
    3f28:	f9 cf       	rjmp	.-14     	; 0x3f1c <ee_rd_lop2>

00003f2a <flash_read>:
    3f2a:	f2 01       	movw	r30, r4

00003f2c <flash_rd_lop>:
    3f2c:	85 91       	lpm	r24, Z+
    3f2e:	20 d0       	rcall	.+64     	; 0x3f70 <ptch1>
    3f30:	11 97       	sbiw	r26, 0x01	; 1
    3f32:	e1 f7       	brne	.-8      	; 0x3f2c <flash_rd_lop>

00003f34 <next_adr_put_ok>:
    3f34:	2f 01       	movw	r4, r30

00003f36 <put_ok>:
    3f36:	80 e1       	ldi	r24, 0x10	; 16
    3f38:	1b d0       	rcall	.+54     	; 0x3f70 <ptch1>

00003f3a <to_get_nextp>:
    3f3a:	92 cf       	rjmp	.-220    	; 0x3e60 <fl_lop_end>

00003f3c <ck_READS>:
    3f3c:	85 37       	cpi	r24, 0x75	; 117
    3f3e:	41 f4       	brne	.+16     	; 0x3f50 <ck_EOP>
    3f40:	49 f4       	brne	.+18     	; 0x3f54 <ck_LEAVE>
    3f42:	11 d0       	rcall	.+34     	; 0x3f66 <verifySpace>
    3f44:	8e e1       	ldi	r24, 0x1E	; 30
    3f46:	14 d0       	rcall	.+40     	; 0x3f70 <ptch1>
    3f48:	84 e9       	ldi	r24, 0x94	; 148
    3f4a:	12 d0       	rcall	.+36     	; 0x3f70 <ptch1>
    3f4c:	86 e0       	ldi	r24, 0x06	; 6
    3f4e:	95 cf       	rjmp	.-214    	; 0x3e7a <to_putch>

00003f50 <ck_EOP>:
    3f50:	80 32       	cpi	r24, 0x20	; 32
    3f52:	99 f3       	breq	.-26     	; 0x3f3a <to_get_nextp>

00003f54 <ck_LEAVE>:
    3f54:	81 35       	cpi	r24, 0x51	; 81
    3f56:	11 f4       	brne	.+4      	; 0x3f5c <ver_put>
    3f58:	48 e0       	ldi	r20, 0x08	; 8
    3f5a:	33 d0       	rcall	.+102    	; 0x3fc2 <watchdogConfig>

00003f5c <ver_put>:
    3f5c:	04 d0       	rcall	.+8      	; 0x3f66 <verifySpace>
    3f5e:	eb cf       	rjmp	.-42     	; 0x3f36 <put_ok>

00003f60 <getNch>:
    3f60:	0f d0       	rcall	.+30     	; 0x3f80 <getch>
    3f62:	41 50       	subi	r20, 0x01	; 1
    3f64:	e9 f7       	brne	.-6      	; 0x3f60 <getNch>

00003f66 <verifySpace>:
    3f66:	0c d0       	rcall	.+24     	; 0x3f80 <getch>
    3f68:	80 32       	cpi	r24, 0x20	; 32
    3f6a:	09 f0       	breq	.+2      	; 0x3f6e <no_to>
    3f6c:	43 d0       	rcall	.+134    	; 0x3ff4 <wait_timeout>

00003f6e <no_to>:
    3f6e:	84 e1       	ldi	r24, 0x14	; 20

00003f70 <ptch1>:
    3f70:	90 91 c0 00 	lds	r25, 0x00C0	; 0x8000c0 <__DATA_REGION_ORIGIN__+0x60>
    3f74:	95 ff       	sbrs	r25, 5
    3f76:	fc cf       	rjmp	.-8      	; 0x3f70 <ptch1>
    3f78:	80 93 c6 00 	sts	0x00C6, r24	; 0x8000c6 <__DATA_REGION_ORIGIN__+0x66>
    3f7c:	a8 95       	wdr
    3f7e:	08 95       	ret

00003f80 <getch>:
    3f80:	80 91 c0 00 	lds	r24, 0x00C0	; 0x8000c0 <__DATA_REGION_ORIGIN__+0x60>
    3f84:	87 ff       	sbrs	r24, 7
    3f86:	fc cf       	rjmp	.-8      	; 0x3f80 <getch>
    3f88:	84 ff       	sbrs	r24, 4
    3f8a:	a8 95       	wdr
    3f8c:	80 91 c6 00 	lds	r24, 0x00C6	; 0x8000c6 <__DATA_REGION_ORIGIN__+0x66>
    3f90:	08 95       	ret

00003f92 <set_eeprom_adr>:
    3f92:	f9 99       	sbic	0x1f, 1	; 31
    3f94:	fe cf       	rjmp	.-4      	; 0x3f92 <set_eeprom_adr>
    3f96:	f2 bd       	out	0x22, r31	; 34
    3f98:	e1 bd       	out	0x21, r30	; 33
    3f9a:	31 96       	adiw	r30, 0x01	; 1
    3f9c:	08 95       	ret

00003f9e <get_length>:
    3f9e:	f0 df       	rcall	.-32     	; 0x3f80 <getch>
    3fa0:	18 2f       	mov	r17, r24
    3fa2:	ee df       	rcall	.-36     	; 0x3f80 <getch>
    3fa4:	08 2f       	mov	r16, r24
    3fa6:	d8 01       	movw	r26, r16
    3fa8:	eb df       	rcall	.-42     	; 0x3f80 <getch>
    3faa:	85 54       	subi	r24, 0x45	; 69
    3fac:	68 2e       	mov	r6, r24
    3fae:	08 95       	ret

00003fb0 <wait_flash_ready>:
    3fb0:	07 b6       	in	r0, 0x37	; 55
    3fb2:	00 fc       	sbrc	r0, 0
    3fb4:	fd cf       	rjmp	.-6      	; 0x3fb0 <wait_flash_ready>
    3fb6:	08 95       	ret

00003fb8 <boot_page_erase>:
    3fb8:	f2 01       	movw	r30, r4
    3fba:	43 e0       	ldi	r20, 0x03	; 3

00003fbc <my_do_spm>:
    3fbc:	47 bf       	out	0x37, r20	; 55
    3fbe:	e8 95       	spm

00003fc0 <no_erase4>:
    3fc0:	08 95       	ret

00003fc2 <watchdogConfig>:
    3fc2:	58 e1       	ldi	r21, 0x18	; 24
    3fc4:	50 93 60 00 	sts	0x0060, r21	; 0x800060 <__DATA_REGION_ORIGIN__>
    3fc8:	40 93 60 00 	sts	0x0060, r20	; 0x800060 <__DATA_REGION_ORIGIN__>
    3fcc:	08 95       	ret

00003fce <wait_T1ov>:
    3fce:	8c ef       	ldi	r24, 0xFC	; 252
    3fd0:	80 93 85 00 	sts	0x0085, r24	; 0x800085 <__DATA_REGION_ORIGIN__+0x25>
    3fd4:	82 ef       	ldi	r24, 0xF2	; 242
    3fd6:	80 93 84 00 	sts	0x0084, r24	; 0x800084 <__DATA_REGION_ORIGIN__+0x24>
    3fda:	85 e0       	ldi	r24, 0x05	; 5
    3fdc:	80 93 81 00 	sts	0x0081, r24	; 0x800081 <__DATA_REGION_ORIGIN__+0x21>

00003fe0 <wt_ov1>:
    3fe0:	08 94       	sec
    3fe2:	48 9b       	sbis	0x09, 0	; 9
    3fe4:	08 95       	ret
    3fe6:	86 b3       	in	r24, 0x16	; 22
    3fe8:	80 ff       	sbrs	r24, 0
    3fea:	fa cf       	rjmp	.-12     	; 0x3fe0 <wt_ov1>
    3fec:	86 bb       	out	0x16, r24	; 22
    3fee:	88 94       	clc
    3ff0:	a8 95       	wdr
    3ff2:	08 95       	ret

00003ff4 <wait_timeout>:
    3ff4:	48 e0       	ldi	r20, 0x08	; 8
    3ff6:	e5 df       	rcall	.-54     	; 0x3fc2 <watchdogConfig>

00003ff8 <lop77>:
    3ff8:	ff cf       	rjmp	.-2      	; 0x3ff8 <lop77>
; 
; FORCE_WATCHDOG=
; LED_START_FLASHES=3
; LED_DATA_FLASH=
; LED=B5
; UART=0
; SOURCE_TYPE=S
; SUPPORT_EEPROM=1
; MCU_TARGET = atmega168
; AVR_FREQ= 16000000
; BAUD_RATE=115200
